ets Jun  8 2016 00:22:57

rst:0x1 (POWERON_RESET),boot:0x13 (SPI_FAST_FLASH_BOOT)
configsip: 0, SPIWP:0xee
clk_drv:0x00,q_drv:0x00,d_drv:0x00,cs0_drv:0x00,hd_drv:0x00,wp_drv:0x00
mode:DIO, clock div:2
load:0x3fff0030,len:6276
load:0x40078000,len:15748
load:0x40080400,len:4
ho 8 tail 4 room 4
load:0x40080404,len:3860
entry 0x4008063c
[0;32mI (31) boot: ESP-IDF v5.4.1-dirty 2nd stage bootloader[0m
[0;32mI (31) boot: compile time Sep 24 2025 14:27:37[0m
[0;32mI (31) boot: Multicore bootloader[0m
[0;32mI (33) boot: chip revision: v1.1[0m
[0;32mI (35) boot.esp32: SPI Speed      : 40MHz[0m
[0;32mI (39) boot.esp32: SPI Mode       : DIO[0m
[0;32mI (43) boot.esp32: SPI Flash Size : 4MB[0m
[0;32mI (46) boot: Enabling RNG early entropy source...[0m
[0;32mI (51) boot: Partition Table:[0m
[0;32mI (53) boot: ## Label            Usage          Type ST Offset   Length[0m
[0;32mI (60) boot:  0 nvs              WiFi data        01 02 00009000 00006000[0m
[0;32mI (66) boot:  1 phy_init         RF data          01 01 0000f000 00001000[0m
[0;32mI (73) boot:  2 factory          factory app      00 00 00010000 001c0000[0m
[0;32mI (79) boot: End of partition table[0m
[0;32mI (82) esp_image: segment 0: paddr=00010020 vaddr=3f400020 size=3c328h (246568) map[0m
[0;32mI (174) esp_image: segment 1: paddr=0004c350 vaddr=3ff80000 size=0001ch (    28) load[0m
[0;32mI (174) esp_image: segment 2: paddr=0004c374 vaddr=3ffbdb60 size=03ca4h ( 15524) load[0m
[0;32mI (184) esp_image: segment 3: paddr=00050020 vaddr=400d0020 size=c4abch (805564) map[0m
[0;32mI (461) esp_image: segment 4: paddr=00114ae4 vaddr=3ffc1804 size=020d8h (  8408) load[0m
[0;32mI (464) esp_image: segment 5: paddr=00116bc4 vaddr=40080000 size=1f7cch (128972) load[0m
[0;32mI (530) boot: Loaded app from partition at offset 0x10000[0m
[0;32mI (530) boot: Disabling RNG early entropy source...[0m
[0;32mI (540) cpu_start: Multicore app[0m
[0;32mI (549) cpu_start: Pro cpu start user code[0m
[0;32mI (549) cpu_start: cpu freq: 160000000 Hz[0m
[0;32mI (549) app_init: Application information:[0m
[0;32mI (549) app_init: Project name:     attendance_system[0m
[0;32mI (554) app_init: App version:      1[0m
[0;32mI (557) app_init: Compile time:     Sep 24 2025 14:27:29[0m
[0;32mI (562) app_init: ELF file SHA256:  623aaea8c...[0m
[0;32mI (566) app_init: ESP-IDF:          v5.4.1-dirty[0m
[0;32mI (571) efuse_init: Min chip rev:     v0.0[0m
[0;32mI (574) efuse_init: Max chip rev:     v3.99 [0m
[0;32mI (578) efuse_init: Chip rev:         v1.1[0m
[0;32mI (583) heap_init: Initializing. RAM available for dynamic allocation:[0m
[0;32mI (589) heap_init: At 3FFAFF10 len 000000F0 (0 KiB): DRAM[0m
[0;32mI (594) heap_init: At 3FFB6388 len 00001C78 (7 KiB): DRAM[0m
[0;32mI (599) heap_init: At 3FFB9A20 len 00004108 (16 KiB): DRAM[0m
[0;32mI (604) heap_init: At 3FFCA880 len 00015780 (85 KiB): DRAM[0m
[0;32mI (609) heap_init: At 3FFE0440 len 00003AE0 (14 KiB): D/IRAM[0m
[0;32mI (615) heap_init: At 3FFE4350 len 0001BCB0 (111 KiB): D/IRAM[0m
[0;32mI (620) heap_init: At 4009F7CC len 00000834 (2 KiB): IRAM[0m
[0;32mI (627) spi_flash: detected chip: generic[0m
[0;32mI (629) spi_flash: flash io: dio[0m
[0;33mW (632) i2c: This driver is an old driver, please migrate your application code to adapt `driver/i2c_master.h`[0m
[0;32mI (642) coexist: coex firmware version: e727207[0m
[0;32mI (647) main_task: Started on CPU0[0m
[0;32mI (657) main_task: Calling app_main()[0m
[0;32mI (657) gpio: GPIO[25]| InputEn: 1| OutputEn: 0| OpenDrain: 0| Pullup: 1| Pulldown: 0| Intr:0 [0m
[0;32mI (657) I2C: Scanning I2C bus...[0m
[0;32mI (767) wifi:wifi driver task: 3ffce858, prio:23, stack:6656, core=0[0m
[0;32mI (767) wifi:wifi firmware version: 79fa3f41ba[0m
[0;32mI (767) wifi:wifi certification version: v7.0[0m
[0;32mI (767) wifi:config NVS flash: enabled[0m
[0;32mI (767) wifi:config nano formatting: disabled[0m
[0;32mI (777) wifi:Init data frame dynamic rx buffer num: 32[0m
[0;32mI (777) wifi:Init static rx mgmt buffer num: 5[0m
[0;32mI (787) wifi:Init management short buffer num: 32[0m
[0;32mI (787) wifi:Init dynamic tx buffer num: 32[0m
[0;32mI (787) wifi:Init static rx buffer size: 1600[0m
[0;32mI (797) wifi:Init static rx buffer num: 10[0m
[0;32mI (797) wifi:Init dynamic rx buffer num: 32[0m
[0;32mI (807) wifi_init: rx ba win: 6[0m
[0;32mI (807) wifi_init: accept mbox: 6[0m
[0;32mI (807) wifi_init: tcpip mbox: 32[0m
[0;32mI (807) wifi_init: udp mbox: 6[0m
[0;32mI (817) wifi_init: tcp mbox: 6[0m
[0;32mI (817) wifi_init: tcp tx win: 5760[0m
[0;32mI (817) wifi_init: tcp rx win: 5760[0m
[0;32mI (827) wifi_init: tcp mss: 1440[0m
[0;32mI (827) wifi_init: WiFi IRAM OP enabled[0m
[0;32mI (827) wifi_init: WiFi RX IRAM OP enabled[0m
[0;32mI (837) wifi_prov_scheme_ble: BT memory released[0m
[0;32mI (837) rc522_ID: Starting provisioning[0m
[0;32mI (867) phy_init: phy_version 4860,6b7a6e5,Feb  6 2025,14:47:07[0m
[0;33mW (867) phy_init: failed to load RF calibration data (0x1102), falling back to full calibration[0m
[0;32mI (560) boot: Loaded app from partition at offset 0x10000[0m
[0;32mI (560) boot: Disabling RNG early entropy source...[0m
[0;32mI (571) cpu_start: Multicore app[0m
[0;32mI (579) cpu_start: Pro cpu start user code[0m
[0;32mI (579) cpu_start: cpu freq: 160000000 Hz[0m
[0;32mI (579) app_init: Application information:[0m
[0;32mI (579) app_init: Project name:     attendance_system[0m
[0;32mI (584) app_init: App version:      1[0m
[0;32mI (587) app_init: Compile time:     Sep 24 2025 14:27:29[0m
[0;32mI (592) app_init: ELF file SHA256:  623aaea8c...[0m
[0;32mI (597) app_init: ESP-IDF:          v5.4.1-dirty[0m
[0;32mI (601) efuse_init: Min chip rev:     v0.0[0m
[0;32mI (605) efuse_init: Max chip rev:     v3.99 [0m
[0;32mI (609) efuse_init: Chip rev:         v1.1[0m
[0;32mI (613) heap_init: Initializing. RAM available for dynamic allocation:[0m
[0;32mI (619) heap_init: At 3FFAFF10 len 000000F0 (0 KiB): DRAM[0m
[0;32mI (624) heap_init: At 3FFB6388 len 00001C78 (7 KiB): DRAM[0m
[0;32mI (629) heap_init: At 3FFB9A20 len 00004108 (16 KiB): DRAM[0m
[0;32mI (634) heap_init: At 3FFCA880 len 00015780 (85 KiB): DRAM[0m
[0;32mI (639) heap_init: At 3FFE0440 len 00003AE0 (14 KiB): D/IRAM[0m
[0;32mI (645) heap_init: At 3FFE4350 len 0001BCB0 (111 KiB): D/IRAM[0m
[0;32mI (650) heap_init: At 4009F7CC len 00000834 (2 KiB): IRAM[0m
[0;32mI (657) spi_flash: detected chip: generic[0m
[0;32mI (659) spi_flash: flash io: dio[0m
[0;33mW (662) i2c: This driver is an old driver, please migrate your application code to adapt `driver/i2c_master.h`[0m
[0;32mI (673) coexist: coex firmware version: e727207[0m
[0;32mI (677) main_task: Started on CPU0[0m
[0;32mI (687) main_task: Calling app_main()[0m
[0;32mI (687) gpio: GPIO[25]| InputEn: 1| OutputEn: 0| OpenDrain: 0| Pullup: 1| Pulldown: 0| Intr:0 [0m
[0;32mI (687) I2C: Scanning I2C bus...[0m
[0;32mI (787) wifi:wifi driver task: 3ffce874, prio:23, stack:6656, core=0[0m
[0;32mI (787) wifi:wifi firmware version: 79fa3f41ba[0m
[0;32mI (787) wifi:wifi certification version: v7.0[0m
[0;32mI (787) wifi:config NVS flash: enabled[0m
[0;32mI (787) wifi:config nano formatting: disabled[0m
[0;32mI (797) wifi:Init data frame dynamic rx buffer num: 32[0m
[0;32mI (797) wifi:Init static rx mgmt buffer num: 5[0m
[0;32mI (807) wifi:Init management short buffer num: 32[0m
[0;32mI (807) wifi:Init dynamic tx buffer num: 32[0m
[0;32mI (807) wifi:Init static rx buffer size: 1600[0m
[0;32mI (817) wifi:Init static rx buffer num: 10[0m
[0;32mI (817) wifi:Init dynamic rx buffer num: 32[0m
[0;32mI (827) wifi_init: rx ba win: 6[0m
[0;32mI (827) wifi_init: accept mbox: 6[0m
[0;32mI (827) wifi_init: tcpip mbox: 32[0m
[0;32mI (827) wifi_init: udp mbox: 6[0m
[0;32mI (837) wifi_init: tcp mbox: 6[0m
[0;32mI (837) wifi_init: tcp tx win: 5760[0m
[0;32mI (837) wifi_init: tcp rx win: 5760[0m
[0;32mI (847) wifi_init: tcp mss: 1440[0m
[0;32mI (847) wifi_init: WiFi IRAM OP enabled[0m
[0;32mI (847) wifi_init: WiFi RX IRAM OP enabled[0m
[0;32mI (857) wifi_prov_scheme_ble: BT memory released[0m
[0;32mI (857) rc522_ID: Starting provisioning[0m
[0;32mI (887) phy_init: phy_version 4860,6b7a6e5,Feb  6 2025,14:47:07[0m
[0;33mW (887) phy_init: failed to load RF calibration data (0x1102), falling back to full calibration[0m
[0;32mI (560) boot: Loaded app from partition at offset 0x10000[0m
[0;32mI (560) boot: Disabling RNG early entropy source...[0m
[0;32mI (571) cpu_start: Multicore app[0m
[0;32mI (579) cpu_start: Pro cpu start user code[0m
[0;32mI (579) cpu_start: cpu freq: 160000000 Hz[0m
[0;32mI (579) app_init: Application information:[0m
[0;32mI (579) app_init: Project name:     attendance_system[0m
[0;32mI (584) app_init: App version:      1[0m
[0;32mI (587) app_init: Compile time:     Sep 24 2025 14:27:29[0m
[0;32mI (592) app_init: ELF file SHA256:  623aaea8c...[0m
[0;32mI (597) app_init: ESP-IDF:          v5.4.1-dirty[0m
[0;32mI (601) efuse_init: Min chip rev:     v0.0[0m
[0;32mI (605) efuse_init: Max chip rev:     v3.99 [0m
[0;32mI (609) efuse_init: Chip rev:         v1.1[0m
[0;32mI (613) heap_init: Initializing. RAM available for dynamic allocation:[0m
[0;32mI (619) heap_init: At 3FFAFF10 len 000000F0 (0 KiB): DRAM[0m
[0;32mI (624) heap_init: At 3FFB6388 len 00001C78 (7 KiB): DRAM[0m
[0;32mI (629) heap_init: At 3FFB9A20 len 00004108 (16 KiB): DRAM[0m
[0;32mI (634) heap_init: At 3FFCA880 len 00015780 (85 KiB): DRAM[0m
[0;32mI (639) heap_init: At 3FFE0440 len 00003AE0 (14 KiB): D/IRAM[0m
[0;32mI (645) heap_init: At 3FFE4350 len 0001BCB0 (111 KiB): D/IRAM[0m
[0;32mI (650) heap_init: At 4009F7CC len 00000834 (2 KiB): IRAM[0m
[0;32mI (657) spi_flash: detected chip: generic[0m
[0;32mI (659) spi_flash: flash io: dio[0m
[0;33mW (662) i2c: This driver is an old driver, please migrate your application code to adapt `driver/i2c_master.h`[0m
[0;32mI (673) coexist: coex firmware version: e727207[0m
[0;32mI (677) main_task: Started on CPU0[0m
[0;32mI (687) main_task: Calling app_main()[0m
[0;32mI (687) gpio: GPIO[25]| InputEn: 1| OutputEn: 0| OpenDrain: 0| Pullup: 1| Pulldown: 0| Intr:0 [0m
[0;32mI (687) I2C: Scanning I2C bus...[0m
[0;32mI (787) wifi:wifi driver task: 3ffce874, prio:23, stack:6656, core=0[0m
[0;32mI (787) wifi:wifi firmware version: 79fa3f41ba[0m
[0;32mI (787) wifi:wifi certification version: v7.0[0m
[0;32mI (787) wifi:config NVS flash: enabled[0m
[0;32mI (787) wifi:config nano formatting: disabled[0m
[0;32mI (797) wifi:Init data frame dynamic rx buffer num: 32[0m
[0;32mI (797) wifi:Init static rx mgmt buffer num: 5[0m
[0;32mI (807) wifi:Init management short buffer num: 32[0m
[0;32mI (807) wifi:Init dynamic tx buffer num: 32[0m
[0;32mI (807) wifi:Init static rx buffer size: 1600[0m
[0;32mI (817) wifi:Init static rx buffer num: 10[0m
[0;32mI (817) wifi:Init dynamic rx buffer num: 32[0m
[0;32mI (827) wifi_init: rx ba win: 6[0m
[0;32mI (827) wifi_init: accept mbox: 6[0m
[0;32mI (827) wifi_init: tcpip mbox: 32[0m
[0;32mI (827) wifi_init: udp mbox: 6[0m
[0;32mI (837) wifi_init: tcp mbox: 6[0m
[0;32mI (837) wifi_init: tcp tx win: 5760[0m
[0;32mI (837) wifi_init: tcp rx win: 5760[0m
[0;32mI (847) wifi_init: tcp mss: 1440[0m
[0;32mI (847) wifi_init: WiFi IRAM OP enabled[0m
[0;32mI (847) wifi_init: WiFi RX IRAM OP enabled[0m
[0;32mI (857) wifi_prov_scheme_ble: BT memory released[0m
[0;32mI (857) rc522_ID: Starting provisioning[0m
[0;32mI (887) phy_init: phy_version 4860,6b7a6e5,Feb  6 2025,14:47:07[0m
[0;33mW (887) phy_init: failed to load RF calibration data (0x1102), falling back to full calibration[0m
[0;32mI (560) boot: Loaded app from partition at offset 0x10000[0m
[0;32mI (560) boot: Disabling RNG early entropy source...[0m
[0;32mI (571) cpu_start: Multicore app[0m
[0;32mI (579) cpu_start: Pro cpu start user code[0m
[0;32mI (579) cpu_start: cpu freq: 160000000 Hz[0m
[0;32mI (579) app_init: Application information:[0m
[0;32mI (579) app_init: Project name:     attendance_system[0m
[0;32mI (584) app_init: App version:      1[0m
[0;32mI (587) app_init: Compile time:     Sep 24 2025 14:27:29[0m
[0;32mI (592) app_init: ELF file SHA256:  623aaea8c...[0m
[0;32mI (597) app_init: ESP-IDF:          v5.4.1-dirty[0m
[0;32mI (601) efuse_init: Min chip rev:     v0.0[0m
[0;32mI (605) efuse_init: Max chip rev:     v3.99 [0m
[0;32mI (609) efuse_init: Chip rev:         v1.1[0m
[0;32mI (613) heap_init: Initializing. RAM available for dynamic allocation:[0m
[0;32mI (619) heap_init: At 3FFAFF10 len 000000F0 (0 KiB): DRAM[0m
[0;32mI (624) heap_init: At 3FFB6388 len 00001C78 (7 KiB): DRAM[0m
[0;32mI (629) heap_init: At 3FFB9A20 len 00004108 (16 KiB): DRAM[0m
[0;32mI (634) heap_init: At 3FFCA880 len 00015780 (85 KiB): DRAM[0m
[0;32mI (640) heap_init: At 3FFE0440 len 00003AE0 (14 KiB): D/IRAM[0m
[0;32mI (645) heap_init: At 3FFE4350 len 0001BCB0 (111 KiB): D/IRAM[0m
[0;32mI (650) heap_init: At 4009F7CC len 00000834 (2 KiB): IRAM[0m
[0;32mI (657) spi_flash: detected chip: generic[0m
[0;32mI (659) spi_flash: flash io: dio[0m
[0;33mW (662) i2c: This driver is an old driver, please migrate your application code to adapt `driver/i2c_master.h`[0m
[0;32mI (673) coexist: coex firmware version: e727207[0m
[0;32mI (677) main_task: Started on CPU0[0m
[0;32mI (687) main_task: Calling app_main()[0m
[0;32mI (687) gpio: GPIO[25]| InputEn: 1| OutputEn: 0| OpenDrain: 0| Pullup: 1| Pulldown: 0| Intr:0 [0m
[0;32mI (687) I2C: Scanning I2C bus...[0m
[0;32mI (787) wifi:wifi driver task: 3ffce874, prio:23, stack:6656, core=0[0m
[0;32mI (787) wifi:wifi firmware version: 79fa3f41ba[0m
[0;32mI (787) wifi:wifi certification version: v7.0[0m
[0;32mI (787) wifi:config NVS flash: enabled[0m
[0;32mI (787) wifi:config nano formatting: disabled[0m
[0;32mI (797) wifi:Init data frame dynamic rx buffer num: 32[0m
[0;32mI (797) wifi:Init static rx mgmt buffer num: 5[0m
[0;32mI (807) wifi:Init management short buffer num: 32[0m
[0;32mI (807) wifi:Init dynamic tx buffer num: 32[0m
[0;32mI (807) wifi:Init static rx buffer size: 1600[0m
[0;32mI (817) wifi:Init static rx buffer num: 10[0m
[0;32mI (817) wifi:Init dynamic rx buffer num: 32[0m
[0;32mI (827) wifi_init: rx ba win: 6[0m
[0;32mI (827) wifi_init: accept mbox: 6[0m
[0;32mI (827) wifi_init: tcpip mbox: 32[0m
[0;32mI (827) wifi_init: udp mbox: 6[0m
[0;32mI (837) wifi_init: tcp mbox: 6[0m
[0;32mI (837) wifi_init: tcp tx win: 5760[0m
[0;32mI (837) wifi_init: tcp rx win: 5760[0m
[0;32mI (847) wifi_init: tcp mss: 1440[0m
[0;32mI (847) wifi_init: WiFi IRAM OP enabled[0m
[0;32mI (847) wifi_init: WiFi RX IRAM OP enabled[0m
[0;32mI (857) wifi_prov_scheme_ble: BT memory released[0m
[0;32mI (857) rc522_ID: Starting provisioning[0m
[0;32mI (887) phy_init: phy_version 4860,6b7a6e5,Feb  6 2025,14:47:07[0m
[0;33mW (887) phy_init: failed to load RF calibration data (0x1102), falling back to full calibration[0m
[0;32mI (560) boot: Loaded app from partition at offset 0x10000[0m
[0;32mI (560) boot: Disabling RNG early entropy source...[0m
[0;32mI (571) cpu_start: Multicore app[0m
[0;32mI (579) cpu_start: Pro cpu start user code[0m
[0;32mI (579) cpu_start: cpu freq: 160000000 Hz[0m
[0;32mI (579) app_init: Application information:[0m
[0;32mI (579) app_init: Project name:     attendance_system[0m
[0;32mI (584) app_init: App version:      1[0m
[0;32mI (587) app_init: Compile time:     Sep 24 2025 14:27:29[0m
[0;32mI (592) app_init: ELF file SHA256:  623aaea8c...[0m
[0;32mI (597) app_init: ESP-IDF:          v5.4.1-dirty[0m
[0;32mI (601) efuse_init: Min chip rev:     v0.0[0m
[0;32mI (605) efuse_init: Max chip rev:     v3.99 [0m
[0;32mI (609) efuse_init: Chip rev:         v1.1[0m
[0;32mI (613) heap_init: Initializing. RAM available for dynamic allocation:[0m
[0;32mI (619) heap_init: At 3FFAFF10 len 000000F0 (0 KiB): DRAM[0m
[0;32mI (624) heap_init: At 3FFB6388 len 00001C78 (7 KiB): DRAM[0m
[0;32mI (629) heap_init: At 3FFB9A20 len 00004108 (16 KiB): DRAM[0m
[0;32mI (634) heap_init: At 3FFCA880 len 00015780 (85 KiB): DRAM[0m
[0;32mI (639) heap_init: At 3FFE0440 len 00003AE0 (14 KiB): D/IRAM[0m
[0;32mI (645) heap_init: At 3FFE4350 len 0001BCB0 (111 KiB): D/IRAM[0m
[0;32mI (650) heap_init: At 4009F7CC len 00000834 (2 KiB): IRAM[0m
[0;32mI (657) spi_flash: detected chip: generic[0m
[0;32mI (659) spi_flash: flash io: dio[0m
[0;33mW (662) i2c: This driver is an old driver, please migrate your application code to adapt `driver/i2c_master.h`[0m
[0;32mI (673) coexist: coex firmware version: e727207[0m
[0;32mI (677) main_task: Started on CPU0[0m
[0;32mI (687) main_task: Calling app_main()[0m
[0;32mI (687) gpio: GPIO[25]| InputEn: 1| OutputEn: 0| OpenDrain: 0| Pullup: 1| Pulldown: 0| Intr:0 [0m
[0;32mI (687) I2C: Scanning I2C bus...[0m
[0;32mI (787) wifi:wifi driver task: 3ffce874, prio:23, stack:6656, core=0[0m
[0;32mI (787) wifi:wifi firmware version: 79fa3f41ba[0m
[0;32mI (787) wifi:wifi certification version: v7.0[0m
[0;32mI (787) wifi:config NVS flash: enabled[0m
[0;32mI (787) wifi:config nano formatting: disabled[0m
[0;32mI (797) wifi:Init data frame dynamic rx buffer num: 32[0m
[0;32mI (797) wifi:Init static rx mgmt buffer num: 5[0m
[0;32mI (807) wifi:Init management short buffer num: 32[0m
[0;32mI (807) wifi:Init dynamic tx buffer num: 32[0m
[0;32mI (807) wifi:Init static rx buffer size: 1600[0m
[0;32mI (817) wifi:Init static rx buffer num: 10[0m
[0;32mI (817) wifi:Init dynamic rx buffer num: 32[0m
[0;32mI (827) wifi_init: rx ba win: 6[0m
[0;32mI (827) wifi_init: accept mbox: 6[0m
[0;32mI (827) wifi_init: tcpip mbox: 32[0m
[0;32mI (827) wifi_init: udp mbox: 6[0m
[0;32mI (837) wifi_init: tcp mbox: 6[0m
[0;32mI (837) wifi_init: tcp tx win: 5760[0m
[0;32mI (837) wifi_init: tcp rx win: 5760[0m
[0;32mI (847) wifi_init: tcp mss: 1440[0m
[0;32mI (847) wifi_init: WiFi IRAM OP enabled[0m
[0;32mI (847) wifi_init: WiFi RX IRAM OP enabled[0m
[0;32mI (857) wifi_prov_scheme_ble: BT memory released[0m
[0;32mI (857) rc522_ID: Starting provisioning[0m
[0;32mI (887) phy_init: phy_version 4860,6b7a6e5,Feb  6 2025,14:47:07[0m
[0;33mW (887) phy_init: failed to load RF calibration data (0x1102), falling back to full calibration[0m
[0;32mI (560) boot: Loaded app from partition at offset 0x10000[0m
[0;32mI (560) boot: Disabling RNG early entropy source...[0m
[0;32mI (571) cpu_start: Multicore app[0m
[0;32mI (579) cpu_start: Pro cpu start user code[0m
[0;32mI (579) cpu_start: cpu freq: 160000000 Hz[0m
[0;32mI (579) app_init: Application information:[0m
[0;32mI (579) app_init: Project name:     attendance_system[0m
[0;32mI (584) app_init: App version:      1[0m
[0;32mI (587) app_init: Compile time:     Sep 24 2025 14:27:29[0m
[0;32mI (592) app_init: ELF file SHA256:  623aaea8c...[0m
[0;32mI (597) app_init: ESP-IDF:          v5.4.1-dirty[0m
[0;32mI (601) efuse_init: Min chip rev:     v0.0[0m
[0;32mI (605) efuse_init: Max chip rev:     v3.99 [0m
[0;32mI (609) efuse_init: Chip rev:         v1.1[0m
[0;32mI (613) heap_init: Initializing. RAM available for dynamic allocation:[0m
[0;32mI (619) heap_init: At 3FFAFF10 len 000000F0 (0 KiB): DRAM[0m
[0;32mI (624) heap_init: At 3FFB6388 len 00001C78 (7 KiB): DRAM[0m
[0;32mI (629) heap_init: At 3FFB9A20 len 00004108 (16 KiB): DRAM[0m
[0;32mI (634) heap_init: At 3FFCA880 len 00015780 (85 KiB): DRAM[0m
[0;32mI (639) heap_init: At 3FFE0440 len 00003AE0 (14 KiB): D/IRAM[0m
[0;32mI (645) heap_init: At 3FFE4350 len 0001BCB0 (111 KiB): D/IRAM[0m
[0;32mI (650) heap_init: At 4009F7CC len 00000834 (2 KiB): IRAM[0m
[0;32mI (657) spi_flash: detected chip: generic[0m
[0;32mI (659) spi_flash: flash io: dio[0m
[0;33mW (662) i2c: This driver is an old driver, please migrate your application code to adapt `driver/i2c_master.h`[0m
[0;32mI (673) coexist: coex firmware version: e727207[0m
[0;32mI (677) main_task: Started on CPU0[0m
[0;32mI (687) main_task: Calling app_main()[0m
[0;32mI (687) gpio: GPIO[25]| InputEn: 1| OutputEn: 0| OpenDrain: 0| Pullup: 1| Pulldown: 0| Intr:0 [0m
[0;32mI (687) I2C: Scanning I2C bus...[0m
[0;32mI (787) wifi:wifi driver task: 3ffce874, prio:23, stack:6656, core=0[0m
[0;32mI (787) wifi:wifi firmware version: 79fa3f41ba[0m
[0;32mI (787) wifi:wifi certification version: v7.0[0m
[0;32mI (787) wifi:config NVS flash: enabled[0m
[0;32mI (787) wifi:config nano formatting: disabled[0m
[0;32mI (797) wifi:Init data frame dynamic rx buffer num: 32[0m
[0;32mI (797) wifi:Init static rx mgmt buffer num: 5[0m
[0;32mI (807) wifi:Init management short buffer num: 32[0m
[0;32mI (807) wifi:Init dynamic tx buffer num: 32[0m
[0;32mI (807) wifi:Init static rx buffer size: 1600[0m
[0;32mI (817) wifi:Init static rx buffer num: 10[0m
[0;32mI (817) wifi:Init dynamic rx buffer num: 32[0m
[0;32mI (827) wifi_init: rx ba win: 6[0m
[0;32mI (827) wifi_init: accept mbox: 6[0m
[0;32mI (827) wifi_init: tcpip mbox: 32[0m
[0;32mI (827) wifi_init: udp mbox: 6[0m
[0;32mI (837) wifi_init: tcp mbox: 6[0m
[0;32mI (837) wifi_init: tcp tx win: 5760[0m
[0;32mI (837) wifi_init: tcp rx win: 5760[0m
[0;32mI (847) wifi_init: tcp mss: 1440[0m
[0;32mI (847) wifi_init: WiFi IRAM OP enabled[0m
[0;32mI (847) wifi_init: WiFi RX IRAM OP enabled[0m
[0;32mI (857) wifi_prov_scheme_ble: BT memory released[0m
[0;32mI (857) rc522_ID: Starting provisioning[0m
[0;32mI (887) phy_init: phy_version 4860,6b7a6e5,Feb  6 2025,14:47:07[0m
[0;33mW (887) phy_init: failed to load RF calibration data (0x1102), falling back to full calibration[0m
[0;32mI (560) boot: Loaded app from partition at offset 0x10000[0m
[0;32mI (560) boot: Disabling RNG early entropy source...[0m
[0;32mI (571) cpu_start: Multicore app[0m
[0;32mI (579) cpu_start: Pro cpu start user code[0m
[0;32mI (579) cpu_start: cpu freq: 160000000 Hz[0m
[0;32mI (579) app_init: Application information:[0m
[0;32mI (579) app_init: Project name:     attendance_system[0m
[0;32mI (584) app_init: App version:      1[0m
[0;32mI (587) app_init: Compile time:     Sep 24 2025 14:27:29[0m
[0;32mI (592) app_init: ELF file SHA256:  623aaea8c...[0m
[0;32mI (597) app_init: ESP-IDF:          v5.4.1-dirty[0m
[0;32mI (601) efuse_init: Min chip rev:     v0.0[0m
[0;32mI (605) efuse_init: Max chip rev:     v3.99 [0m
[0;32mI (609) efuse_init: Chip rev:         v1.1[0m
[0;32mI (613) heap_init: Initializing. RAM available for dynamic allocation:[0m
[0;32mI (619) heap_init: At 3FFAFF10 len 000000F0 (0 KiB): DRAM[0m
[0;32mI (624) heap_init: At 3FFB6388 len 00001C78 (7 KiB): DRAM[0m
[0;32mI (629) heap_init: At 3FFB9A20 len 00004108 (16 KiB): DRAM[0m
[0;32mI (634) heap_init: At 3FFCA880 len 00015780 (85 KiB): DRAM[0m
[0;32mI (640) heap_init: At 3FFE0440 len 00003AE0 (14 KiB): D/IRAM[0m
[0;32mI (645) heap_init: At 3FFE4350 len 0001BCB0 (111 KiB): D/IRAM[0m
[0;32mI (650) heap_init: At 4009F7CC len 00000834 (2 KiB): IRAM[0m
[0;32mI (657) spi_flash: detected chip: generic[0m
[0;32mI (659) spi_flash: flash io: dio[0m
[0;33mW (662) i2c: This driver is an old driver, please migrate your application code to adapt `driver/i2c_master.h`[0m
[0;32mI (673) coexist: coex firmware version: e727207[0m
[0;32mI (677) main_task: Started on CPU0[0m
[0;32mI (687) main_task: Calling app_main()[0m
[0;32mI (687) gpio: GPIO[25]| InputEn: 1| OutputEn: 0| OpenDrain: 0| Pullup: 1| Pulldown: 0| Intr:0 [0m
[0;32mI (687) I2C: Scanning I2C bus...[0m
[0;32mI (787) wifi:wifi driver task: 3ffce874, prio:23, stack:6656, core=0[0m
[0;32mI (787) wifi:wifi firmware version: 79fa3f41ba[0m
[0;32mI (787) wifi:wifi certification version: v7.0[0m
[0;32mI (787) wifi:config NVS flash: enabled[0m
[0;32mI (787) wifi:config nano formatting: disabled[0m
[0;32mI (797) wifi:Init data frame dynamic rx buffer num: 32[0m
[0;32mI (797) wifi:Init static rx mgmt buffer num: 5[0m
[0;32mI (807) wifi:Init management short buffer num: 32[0m
[0;32mI (807) wifi:Init dynamic tx buffer num: 32[0m
[0;32mI (807) wifi:Init static rx buffer size: 1600[0m
[0;32mI (817) wifi:Init static rx buffer num: 10[0m
[0;32mI (817) wifi:Init dynamic rx buffer num: 32[0m
[0;32mI (827) wifi_init: rx ba win: 6[0m
[0;32mI (827) wifi_init: accept mbox: 6[0m
[0;32mI (827) wifi_init: tcpip mbox: 32[0m
[0;32mI (827) wifi_init: udp mbox: 6[0m
[0;32mI (837) wifi_init: tcp mbox: 6[0m
[0;32mI (837) wifi_init: tcp tx win: 5760[0m
[0;32mI (837) wifi_init: tcp rx win: 5760[0m
[0;32mI (847) wifi_init: tcp mss: 1440[0m
[0;32mI (847) wifi_init: WiFi IRAM OP enabled[0m
[0;32mI (847) wifi_init: WiFi RX IRAM OP enabled[0m
[0;32mI (857) wifi_prov_scheme_ble: BT memory released[0m
[0;32mI (857) rc522_ID: Starting provisioning[0m
[0;32mI (887) phy_init: phy_version 4860,6b7a6e5,Feb  6 2025,14:47:07[0m
[0;33mW (887) phy_init: failed to load RF calibration data (0x1102), falling back to full calibration[0m
[0;32mI (560) boot: Loaded app from partition at offset 0x10000[0m
[0;32mI (560) boot: Disabling RNG early entropy source...[0m
[0;32mI (571) cpu_start: Multicore app[0m
[0;32mI (579) cpu_start: Pro cpu start user code[0m
[0;32mI (579) cpu_start: cpu freq: 160000000 Hz[0m
[0;32mI (579) app_init: Application information:[0m
[0;32mI (579) app_init: Project name:     attendance_system[0m
[0;32mI (584) app_init: App version:      1[0m
[0;32mI (587) app_init: Compile time:     Sep 24 2025 14:27:29[0m
[0;32mI (592) app_init: ELF file SHA256:  623aaea8c...[0m
[0;32mI (597) app_init: ESP-IDF:          v5.4.1-dirty[0m
[0;32mI (601) efuse_init: Min chip rev:     v0.0[0m
[0;32mI (605) efuse_init: Max chip rev:     v3.99 [0m
[0;32mI (609) efuse_init: Chip rev:         v1.1[0m
[0;32mI (613) heap_init: Initializing. RAM available for dynamic allocation:[0m
[0;32mI (619) heap_init: At 3FFAFF10 len 000000F0 (0 KiB): DRAM[0m
[0;32mI (624) heap_init: At 3FFB6388 len 00001C78 (7 KiB): DRAM[0m
[0;32mI (629) heap_init: At 3FFB9A20 len 00004108 (16 KiB): DRAM[0m
[0;32mI (634) heap_init: At 3FFCA880 len 00015780 (85 KiB): DRAM[0m
[0;32mI (640) heap_init: At 3FFE0440 len 00003AE0 (14 KiB): D/IRAM[0m
[0;32mI (645) heap_init: At 3FFE4350 len 0001BCB0 (111 KiB): D/IRAM[0m
[0;32mI (650) heap_init: At 4009F7CC len 00000834 (2 KiB): IRAM[0m
[0;32mI (657) spi_flash: detected chip: generic[0m
[0;32mI (659) spi_flash: flash io: dio[0m
[0;33mW (662) i2c: This driver is an old driver, please migrate your application code to adapt `driver/i2c_master.h`[0m
[0;32mI (673) coexist: coex firmware version: e727207[0m
[0;32mI (677) main_task: Started on CPU0[0m
[0;32mI (687) main_task: Calling app_main()[0m
[0;32mI (687) gpio: GPIO[25]| InputEn: 1| OutputEn: 0| OpenDrain: 0| Pullup: 1| Pulldown: 0| Intr:0 [0m
[0;32mI (687) I2C: Scanning I2C bus...[0m
[0;32mI (787) wifi:wifi driver task: 3ffce874, prio:23, stack:6656, core=0[0m
[0;32mI (787) wifi:wifi firmware version: 79fa3f41ba[0m
[0;32mI (787) wifi:wifi certification version: v7.0[0m
[0;32mI (787) wifi:config NVS flash: enabled[0m
[0;32mI (787) wifi:config nano formatting: disabled[0m
[0;32mI (797) wifi:Init data frame dynamic rx buffer num: 32[0m
[0;32mI (797) wifi:Init static rx mgmt buffer num: 5[0m
[0;32mI (807) wifi:Init management short buffer num: 32[0m
[0;32mI (807) wifi:Init dynamic tx buffer num: 32[0m
[0;32mI (807) wifi:Init static rx buffer size: 1600[0m
[0;32mI (817) wifi:Init static rx buffer num: 10[0m
[0;32mI (817) wifi:Init dynamic rx buffer num: 32[0m
[0;32mI (827) wifi_init: rx ba win: 6[0m
[0;32mI (827) wifi_init: accept mbox: 6[0m
[0;32mI (827) wifi_init: tcpip mbox: 32[0m
[0;32mI (827) wifi_init: udp mbox: 6[0m
[0;32mI (837) wifi_init: tcp mbox: 6[0m
[0;32mI (837) wifi_init: tcp tx win: 5760[0m
[0;32mI (837) wifi_init: tcp rx win: 5760[0m
[0;32mI (847) wifi_init: tcp mss: 1440[0m
[0;32mI (847) wifi_init: WiFi IRAM OP enabled[0m
[0;32mI (847) wifi_init: WiFi RX IRAM OP enabled[0m
[0;32mI (857) wifi_prov_scheme_ble: BT memory released[0m
[0;32mI (857) rc522_ID: Starting provisioning[0m
[0;32mI (887) phy_init: phy_version 4860,6b7a6e5,Feb  6 2025,14:47:07[0m
[0;33mW (887) phy_init: failed to load RF calibration data (0x1102), falling back to full calibration[0m
[0;32mI (560) boot: Loaded app from partition at offset 0x10000[0m
[0;32mI (560) boot: Disabling RNG early entropy source...[0m
[0;32mI (571) cpu_start: Multicore app[0m
[0;32mI (579) cpu_start: Pro cpu start user code[0m
[0;32mI (579) cpu_start: cpu freq: 160000000 Hz[0m
[0;32mI (579) app_init: Application information:[0m
[0;32mI (579) app_init: Project name:     attendance_system[0m
[0;32mI (584) app_init: App version:      1[0m
[0;32mI (587) app_init: Compile time:     Sep 24 2025 14:27:29[0m
[0;32mI (592) app_init: ELF file SHA256:  623aaea8c...[0m
[0;32mI (597) app_init: ESP-IDF:          v5.4.1-dirty[0m
[0;32mI (601) efuse_init: Min chip rev:     v0.0[0m
[0;32mI (605) efuse_init: Max chip rev:     v3.99 [0m
[0;32mI (609) efuse_init: Chip rev:         v1.1[0m
[0;32mI (613) heap_init: Initializing. RAM available for dynamic allocation:[0m
[0;32mI (619) heap_init: At 3FFAFF10 len 000000F0 (0 KiB): DRAM[0m
[0;32mI (624) heap_init: At 3FFB6388 len 00001C78 (7 KiB): DRAM[0m
[0;32mI (629) heap_init: At 3FFB9A20 len 00004108 (16 KiB): DRAM[0m
[0;32mI (634) heap_init: At 3FFCA880 len 00015780 (85 KiB): DRAM[0m
[0;32mI (640) heap_init: At 3FFE0440 len 00003AE0 (14 KiB): D/IRAM[0m
[0;32mI (645) heap_init: At 3FFE4350 len 0001BCB0 (111 KiB): D/IRAM[0m
[0;32mI (650) heap_init: At 4009F7CC len 00000834 (2 KiB): IRAM[0m
[0;32mI (657) spi_flash: detected chip: generic[0m
[0;32mI (659) spi_flash: flash io: dio[0m
[0;33mW (662) i2c: This driver is an old driver, please migrate your application code to adapt `driver/i2c_master.h`[0m
[0;32mI (673) coexist: coex firmware version: e727207[0m
[0;32mI (677) main_task: Started on CPU0[0m
[0;32mI (687) main_task: Calling app_main()[0m
[0;32mI (687) gpio: GPIO[25]| InputEn: 1| OutputEn: 0| OpenDrain: 0| Pullup: 1| Pulldown: 0| Intr:0 [0m
[0;32mI (687) I2C: Scanning I2C bus...[0m
[0;32mI (787) wifi:wifi driver task: 3ffce874, prio:23, stack:6656, core=0[0m
[0;32mI (787) wifi:wifi firmware version: 79fa3f41ba[0m
[0;32mI (787) wifi:wifi certification version: v7.0[0m
[0;32mI (787) wifi:config NVS flash: enabled[0m
[0;32mI (787) wifi:config nano formatting: disabled[0m
[0;32mI (797) wifi:Init data frame dynamic rx buffer num: 32[0m
[0;32mI (797) wifi:Init static rx mgmt buffer num: 5[0m
[0;32mI (807) wifi:Init management short buffer num: 32[0m
[0;32mI (807) wifi:Init dynamic tx buffer num: 32[0m
[0;32mI (807) wifi:Init static rx buffer size: 1600[0m
[0;32mI (817) wifi:Init static rx buffer num: 10[0m
[0;32mI (817) wifi:Init dynamic rx buffer num: 32[0m
[0;32mI (827) wifi_init: rx ba win: 6[0m
[0;32mI (827) wifi_init: accept mbox: 6[0m
[0;32mI (827) wifi_init: tcpip mbox: 32[0m
[0;32mI (827) wifi_init: udp mbox: 6[0m
[0;32mI (837) wifi_init: tcp mbox: 6[0m
[0;32mI (837) wifi_init: tcp tx win: 5760[0m
[0;32mI (837) wifi_init: tcp rx win: 5760[0m
[0;32mI (847) wifi_init: tcp mss: 1440[0m
[0;32mI (847) wifi_init: WiFi IRAM OP enabled[0m
[0;32mI (847) wifi_init: WiFi RX IRAM OP enabled[0m
[0;32mI (857) wifi_prov_scheme_ble: BT memory released[0m
[0;32mI (857) rc522_ID: Starting provisioning[0m
[0;32mI (887) phy_init: phy_version 4860,6b7a6e5,Feb  6 2025,14:47:07[0m
[0;33mW (887) phy_init: failed to load RF calibration data (0x1102), falling back to full calibration[0m
[0;32mI (560) boot: Loaded app from partition at offset 0x10000[0m
[0;32mI (560) boot: Disabling RNG early entropy source...[0m
[0;32mI (571) cpu_start: Multicore app[0m
[0;32mI (579) cpu_start: Pro cpu start user code[0m
[0;32mI (579) cpu_start: cpu freq: 160000000 Hz[0m
[0;32mI (579) app_init: Application information:[0m
[0;32mI (579) app_init: Project name:     attendance_system[0m
[0;32mI (584) app_init: App version:      1[0m
[0;32mI (587) app_init: Compile time:     Sep 24 2025 14:27:29[0m
[0;32mI (592) app_init: ELF file SHA256:  623aaea8c...[0m
[0;32mI (597) app_init: ESP-IDF:          v5.4.1-dirty[0m
[0;32mI (601) efuse_init: Min chip rev:     v0.0[0m
[0;32mI (605) efuse_init: Max chip rev:     v3.99 [0m
[0;32mI (609) efuse_init: Chip rev:         v1.1[0m
[0;32mI (613) heap_init: Initializing. RAM available for dynamic allocation:[0m
[0;32mI (619) heap_init: At 3FFAFF10 len 000000F0 (0 KiB): DRAM[0m
[0;32mI (624) heap_init: At 3FFB6388 len 00001C78 (7 KiB): DRAM[0m
[0;32mI (629) heap_init: At 3FFB9A20 len 00004108 (16 KiB): DRAM[0m
[0;32mI (634) heap_init: At 3FFCA880 len 00015780 (85 KiB): DRAM[0m
[0;32mI (640) heap_init: At 3FFE0440 len 00003AE0 (14 KiB): D/IRAM[0m
[0;32mI (645) heap_init: At 3FFE4350 len 0001BCB0 (111 KiB): D/IRAM[0m
[0;32mI (650) heap_init: At 4009F7CC len 00000834 (2 KiB): IRAM[0m
[0;32mI (657) spi_flash: detected chip: generic[0m
[0;32mI (659) spi_flash: flash io: dio[0m
[0;33mW (662) i2c: This driver is an old driver, please migrate your application code to adapt `driver/i2c_master.h`[0m
[0;32mI (673) coexist: coex firmware version: e727207[0m
[0;32mI (677) main_task: Started on CPU0[0m
[0;32mI (687) main_task: Calling app_main()[0m
[0;32mI (687) gpio: GPIO[25]| InputEn: 1| OutputEn: 0| OpenDrain: 0| Pullup: 1| Pulldown: 0| Intr:0 [0m
[0;32mI (687) I2C: Scanning I2C bus...[0m
[0;32mI (787) wifi:wifi driver task: 3ffce874, prio:23, stack:6656, core=0[0m
[0;32mI (787) wifi:wifi firmware version: 79fa3f41ba[0m
[0;32mI (787) wifi:wifi certification version: v7.0[0m
[0;32mI (787) wifi:config NVS flash: enabled[0m
[0;32mI (787) wifi:config nano formatting: disabled[0m
[0;32mI (797) wifi:Init data frame dynamic rx buffer num: 32[0m
[0;32mI (797) wifi:Init static rx mgmt buffer num: 5[0m
[0;32mI (807) wifi:Init management short buffer num: 32[0m
[0;32mI (807) wifi:Init dynamic tx buffer num: 32[0m
[0;32mI (807) wifi:Init static rx buffer size: 1600[0m
[0;32mI (817) wifi:Init static rx buffer num: 10[0m
[0;32mI (817) wifi:Init dynamic rx buffer num: 32[0m
[0;32mI (827) wifi_init: rx ba win: 6[0m
[0;32mI (827) wifi_init: accept mbox: 6[0m
[0;32mI (827) wifi_init: tcpip mbox: 32[0m
[0;32mI (827) wifi_init: udp mbox: 6[0m
[0;32mI (837) wifi_init: tcp mbox: 6[0m
[0;32mI (837) wifi_init: tcp tx win: 5760[0m
[0;32mI (837) wifi_init: tcp rx win: 5760[0m
[0;32mI (847) wifi_init: tcp mss: 1440[0m
[0;32mI (847) wifi_init: WiFi IRAM OP enabled[0m
[0;32mI (847) wifi_init: WiFi RX IRAM OP enabled[0m
[0;32mI (857) wifi_prov_scheme_ble: BT memory released[0m
[0;32mI (857) rc522_ID: Starting provisioning[0m
[0;32mI (887) phy_init: phy_version 4860,6b7a6e5,Feb  6 2025,14:47:07[0m
[0;33mW (887) phy_init: failed to load RF calibration data (0x1102), falling back to full calibration[0m
[0;32mI (560) boot: Loaded app from partition at offset 0x10000[0m
[0;32mI (560) boot: Disabling RNG early entropy source...[0m
[0;32mI (571) cpu_start: Multicore app[0m
[0;32mI (579) cpu_start: Pro cpu start user code[0m
[0;32mI (579) cpu_start: cpu freq: 160000000 Hz[0m
[0;32mI (579) app_init: Application information:[0m
[0;32mI (579) app_init: Project name:     attendance_system[0m
[0;32mI (584) app_init: App version:      1[0m
[0;32mI (587) app_init: Compile time:     Sep 24 2025 14:27:29[0m
[0;32mI (592) app_init: ELF file SHA256:  623aaea8c...[0m
[0;32mI (597) app_init: ESP-IDF:          v5.4.1-dirty[0m
[0;32mI (601) efuse_init: Min chip rev:     v0.0[0m
[0;32mI (605) efuse_init: Max chip rev:     v3.99 [0m
[0;32mI (609) efuse_init: Chip rev:         v1.1[0m
[0;32mI (613) heap_init: Initializing. RAM available for dynamic allocation:[0m
[0;32mI (619) heap_init: At 3FFAFF10 len 000000F0 (0 KiB): DRAM[0m
[0;32mI (624) heap_init: At 3FFB6388 len 00001C78 (7 KiB): DRAM[0m
[0;32mI (629) heap_init: At 3FFB9A20 len 00004108 (16 KiB): DRAM[0m
[0;32mI (634) heap_init: At 3FFCA880 len 00015780 (85 KiB): DRAM[0m
[0;32mI (640) heap_init: At 3FFE0440 len 00003AE0 (14 KiB): D/IRAM[0m
[0;32mI (645) heap_init: At 3FFE4350 len 0001BCB0 (111 KiB): D/IRAM[0m
[0;32mI (650) heap_init: At 4009F7CC len 00000834 (2 KiB): IRAM[0m
[0;32mI (657) spi_flash: detected chip: generic[0m
[0;32mI (659) spi_flash: flash io: dio[0m
[0;33mW (662) i2c: This driver is an old driver, please migrate your application code to adapt `driver/i2c_master.h`[0m
[0;32mI (673) coexist: coex firmware version: e727207[0m
[0;32mI (677) main_task: Started on CPU0[0m
[0;32mI (687) main_task: Calling app_main()[0m
[0;32mI (687) gpio: GPIO[25]| InputEn: 1| OutputEn: 0| OpenDrain: 0| Pullup: 1| Pulldown: 0| Intr:0 [0m
[0;32mI (687) I2C: Scanning I2C bus...[0m
[0;32mI (787) wifi:wifi driver task: 3ffce874, prio:23, stack:6656, core=0[0m
[0;32mI (787) wifi:wifi firmware version: 79fa3f41ba[0m
[0;32mI (787) wifi:wifi certification version: v7.0[0m
[0;32mI (787) wifi:config NVS flash: enabled[0m
[0;32mI (787) wifi:config nano formatting: disabled[0m
[0;32mI (797) wifi:Init data frame dynamic rx buffer num: 32[0m
[0;32mI (797) wifi:Init static rx mgmt buffer num: 5[0m
[0;32mI (807) wifi:Init management short buffer num: 32[0m
[0;32mI (807) wifi:Init dynamic tx buffer num: 32[0m
[0;32mI (807) wifi:Init static rx buffer size: 1600[0m
[0;32mI (817) wifi:Init static rx buffer num: 10[0m
[0;32mI (817) wifi:Init dynamic rx buffer num: 32[0m
[0;32mI (827) wifi_init: rx ba win: 6[0m
[0;32mI (827) wifi_init: accept mbox: 6[0m
[0;32mI (827) wifi_init: tcpip mbox: 32[0m
[0;32mI (827) wifi_init: udp mbox: 6[0m
[0;32mI (837) wifi_init: tcp mbox: 6[0m
[0;32mI (837) wifi_init: tcp tx win: 5760[0m
[0;32mI (837) wifi_init: tcp rx win: 5760[0m
[0;32mI (847) wifi_init: tcp mss: 1440[0m
[0;32mI (847) wifi_init: WiFi IRAM OP enabled[0m
[0;32mI (847) wifi_init: WiFi RX IRAM OP enabled[0m
[0;32mI (857) wifi_prov_scheme_ble: BT memory released[0m
[0;32mI (857) rc522_ID: Starting provisioning[0m
[0;32mI (887) phy_init: phy_version 4860,6b7a6e5,Feb  6 2025,14:47:07[0m
[0;33mW (887) phy_init: failed to load RF calibration data (0x1102), falling back to full calibration[0m
[0;32mI (560) boot: Loaded app from partition at offset 0x10000[0m
[0;32mI (560) boot: Disabling RNG early entropy source...[0m
[0;32mI (571) cpu_start: Multicore app[0m
[0;32mI (579) cpu_start: Pro cpu start user code[0m
[0;32mI (579) cpu_start: cpu freq: 160000000 Hz[0m
[0;32mI (579) app_init: Application information:[0m
[0;32mI (579) app_init: Project name:     attendance_system[0m
[0;32mI (584) app_init: App version:      1[0m
[0;32mI (587) app_init: Compile time:     Sep 24 2025 14:27:29[0m
[0;32mI (592) app_init: ELF file SHA256:  623aaea8c...[0m
[0;32mI (597) app_init: ESP-IDF:          v5.4.1-dirty[0m
[0;32mI (601) efuse_init: Min chip rev:     v0.0[0m
[0;32mI (605) efuse_init: Max chip rev:     v3.99 [0m
[0;32mI (609) efuse_init: Chip rev:         v1.1[0m
[0;32mI (613) heap_init: Initializing. RAM available for dynamic allocation:[0m
[0;32mI (619) heap_init: At 3FFAFF10 len 000000F0 (0 KiB): DRAM[0m
[0;32mI (624) heap_init: At 3FFB6388 len 00001C78 (7 KiB): DRAM[0m
[0;32mI (629) heap_init: At 3FFB9A20 len 00004108 (16 KiB): DRAM[0m
[0;32mI (634) heap_init: At 3FFCA880 len 00015780 (85 KiB): DRAM[0m
[0;32mI (640) heap_init: At 3FFE0440 len 00003AE0 (14 KiB): D/IRAM[0m
[0;32mI (645) heap_init: At 3FFE4350 len 0001BCB0 (111 KiB): D/IRAM[0m
[0;32mI (650) heap_init: At 4009F7CC len 00000834 (2 KiB): IRAM[0m
[0;32mI (657) spi_flash: detected chip: generic[0m
[0;32mI (659) spi_flash: flash io: dio[0m
[0;33mW (662) i2c: This driver is an old driver, please migrate your application code to adapt `driver/i2c_master.h`[0m
[0;32mI (673) coexist: coex firmware version: e727207[0m
[0;32mI (677) main_task: Started on CPU0[0m
[0;32mI (687) main_task: Calling app_main()[0m
[0;32mI (687) gpio: GPIO[25]| InputEn: 1| OutputEn: 0| OpenDrain: 0| Pullup: 1| Pulldown: 0| Intr:0 [0m
[0;32mI (687) I2C: Scanning I2C bus...[0m
[0;32mI (787) wifi:wifi driver task: 3ffce874, prio:23, stack:6656, core=0[0m
[0;32mI (787) wifi:wifi firmware version: 79fa3f41ba[0m
[0;32mI (787) wifi:wifi certification version: v7.0[0m
[0;32mI (787) wifi:config NVS flash: enabled[0m
[0;32mI (787) wifi:config nano formatting: disabled[0m
[0;32mI (797) wifi:Init data frame dynamic rx buffer num: 32[0m
[0;32mI (797) wifi:Init static rx mgmt buffer num: 5[0m
[0;32mI (807) wifi:Init management short buffer num: 32[0m
[0;32mI (807) wifi:Init dynamic tx buffer num: 32[0m
[0;32mI (807) wifi:Init static rx buffer size: 1600[0m
[0;32mI (817) wifi:Init static rx buffer num: 10[0m
[0;32mI (817) wifi:Init dynamic rx buffer num: 32[0m
[0;32mI (827) wifi_init: rx ba win: 6[0m
[0;32mI (827) wifi_init: accept mbox: 6[0m
[0;32mI (827) wifi_init: tcpip mbox: 32[0m
[0;32mI (827) wifi_init: udp mbox: 6[0m
[0;32mI (837) wifi_init: tcp mbox: 6[0m
[0;32mI (837) wifi_init: tcp tx win: 5760[0m
[0;32mI (837) wifi_init: tcp rx win: 5760[0m
[0;32mI (847) wifi_init: tcp mss: 1440[0m
[0;32mI (847) wifi_init: WiFi IRAM OP enabled[0m
[0;32mI (847) wifi_init: WiFi RX IRAM OP enabled[0m
[0;32mI (857) wifi_prov_scheme_ble: BT memory released[0m
[0;32mI (857) rc522_ID: Starting provisioning[0m
[0;32mI (887) phy_init: phy_version 4860,6b7a6e5,Feb  6 2025,14:47:07[0m
[0;33mW (887) phy_init: failed to load RF calibration data (0x1102), falling back to full calibration[0m
[0;32mI (560) boot: Loaded app from partition at offset 0x10000[0m
[0;32mI (560) boot: Disabling RNG early entropy source...[0m
[0;32mI (571) cpu_start: Multicore app[0m
[0;32mI (579) cpu_start: Pro cpu start user code[0m
[0;32mI (579) cpu_start: cpu freq: 160000000 Hz[0m
[0;32mI (579) app_init: Application information:[0m
[0;32mI (579) app_init: Project name:     attendance_system[0m
[0;32mI (584) app_init: App version:      1[0m
[0;32mI (587) app_init: Compile time:     Sep 24 2025 14:27:29[0m
[0;32mI (592) app_init: ELF file SHA256:  623aaea8c...[0m
[0;32mI (597) app_init: ESP-IDF:          v5.4.1-dirty[0m
[0;32mI (601) efuse_init: Min chip rev:     v0.0[0m
[0;32mI (605) efuse_init: Max chip rev:     v3.99 [0m
[0;32mI (609) efuse_init: Chip rev:         v1.1[0m
[0;32mI (613) heap_init: Initializing. RAM available for dynamic allocation:[0m
[0;32mI (619) heap_init: At 3FFAFF10 len 000000F0 (0 KiB): DRAM[0m
[0;32mI (624) heap_init: At 3FFB6388 len 00001C78 (7 KiB): DRAM[0m
[0;32mI (629) heap_init: At 3FFB9A20 len 00004108 (16 KiB): DRAM[0m
[0;32mI (634) heap_init: At 3FFCA880 len 00015780 (85 KiB): DRAM[0m
[0;32mI (639) heap_init: At 3FFE0440 len 00003AE0 (14 KiB): D/IRAM[0m
[0;32mI (645) heap_init: At 3FFE4350 len 0001BCB0 (111 KiB): D/IRAM[0m
[0;32mI (650) heap_init: At 4009F7CC len 00000834 (2 KiB): IRAM[0m
[0;32mI (657) spi_flash: detected chip: generic[0m
[0;32mI (659) spi_flash: flash io: dio[0m
[0;33mW (662) i2c: This driver is an old driver, please migrate your application code to adapt `driver/i2c_master.h`[0m
[0;32mI (673) coexist: coex firmware version: e727207[0m
[0;32mI (677) main_task: Started on CPU0[0m
[0;32mI (687) main_task: Calling app_main()[0m
[0;32mI (687) gpio: GPIO[25]| InputEn: 1| OutputEn: 0| OpenDrain: 0| Pullup: 1| Pulldown: 0| Intr:0 [0m
[0;32mI (687) I2C: Scanning I2C bus...[0m
[0;32mI (787) wifi:wifi driver task: 3ffce874, prio:23, stack:6656, core=0[0m
[0;32mI (787) wifi:wifi firmware version: 79fa3f41ba[0m
[0;32mI (787) wifi:wifi certification version: v7.0[0m
[0;32mI (787) wifi:config NVS flash: enabled[0m
[0;32mI (787) wifi:config nano formatting: disabled[0m
[0;32mI (797) wifi:Init data frame dynamic rx buffer num: 32[0m
[0;32mI (797) wifi:Init static rx mgmt buffer num: 5[0m
[0;32mI (807) wifi:Init management short buffer num: 32[0m
[0;32mI (807) wifi:Init dynamic tx buffer num: 32[0m
[0;32mI (807) wifi:Init static rx buffer size: 1600[0m
[0;32mI (817) wifi:Init static rx buffer num: 10[0m
[0;32mI (817) wifi:Init dynamic rx buffer num: 32[0m
[0;32mI (827) wifi_init: rx ba win: 6[0m
[0;32mI (827) wifi_init: accept mbox: 6[0m
[0;32mI (827) wifi_init: tcpip mbox: 32[0m
[0;32mI (827) wifi_init: udp mbox: 6[0m
[0;32mI (837) wifi_init: tcp mbox: 6[0m
[0;32mI (837) wifi_init: tcp tx win: 5760[0m
[0;32mI (837) wifi_init: tcp rx win: 5760[0m
[0;32mI (847) wifi_init: tcp mss: 1440[0m
[0;32mI (847) wifi_init: WiFi IRAM OP enabled[0m
[0;32mI (847) wifi_init: WiFi RX IRAM OP enabled[0m
[0;32mI (857) wifi_prov_scheme_ble: BT memory released[0m
[0;32mI (857) rc522_ID: Starting provisioning[0m
[0;32mI (887) phy_init: phy_version 4860,6b7a6e5,Feb  6 2025,14:47:07[0m
[0;33mW (887) phy_init: failed to load RF calibration data (0x1102), falling back to full calibration[0m
[0;32mI (560) boot: Loaded app from partition at offset 0x10000[0m
[0;32mI (560) boot: Disabling RNG early entropy source...[0m
[0;32mI (571) cpu_start: Multicore app[0m
[0;32mI (579) cpu_start: Pro cpu start user code[0m
[0;32mI (579) cpu_start: cpu freq: 160000000 Hz[0m
[0;32mI (579) app_init: Application information:[0m
[0;32mI (579) app_init: Project name:     attendance_system[0m
[0;32mI (584) app_init: App version:      1[0m
[0;32mI (587) app_init: Compile time:     Sep 24 2025 14:27:29[0m
[0;32mI (592) app_init: ELF file SHA256:  623aaea8c...[0m
[0;32mI (597) app_init: ESP-IDF:          v5.4.1-dirty[0m
[0;32mI (601) efuse_init: Min chip rev:     v0.0[0m
[0;32mI (605) efuse_init: Max chip rev:     v3.99 [0m
[0;32mI (609) efuse_init: Chip rev:         v1.1[0m
[0;32mI (613) heap_init: Initializing. RAM available for dynamic allocation:[0m
[0;32mI (619) heap_init: At 3FFAFF10 len 000000F0 (0 KiB): DRAM[0m
[0;32mI (624) heap_init: At 3FFB6388 len 00001C78 (7 KiB): DRAM[0m
[0;32mI (629) heap_init: At 3FFB9A20 len 00004108 (16 KiB): DRAM[0m
[0;32mI (634) heap_init: At 3FFCA880 len 00015780 (85 KiB): DRAM[0m
[0;32mI (640) heap_init: At 3FFE0440 len 00003AE0 (14 KiB): D/IRAM[0m
[0;32mI (645) heap_init: At 3FFE4350 len 0001BCB0 (111 KiB): D/IRAM[0m
[0;32mI (650) heap_init: At 4009F7CC len 00000834 (2 KiB): IRAM[0m
[0;32mI (657) spi_flash: detected chip: generic[0m
[0;32mI (659) spi_flash: flash io: dio[0m
[0;33mW (662) i2c: This driver is an old driver, please migrate your application code to adapt `driver/i2c_master.h`[0m
[0;32mI (673) coexist: coex firmware version: e727207[0m
[0;32mI (677) main_task: Started on CPU0[0m
[0;32mI (687) main_task: Calling app_main()[0m
[0;32mI (687) gpio: GPIO[25]| InputEn: 1| OutputEn: 0| OpenDrain: 0| Pullup: 1| Pulldown: 0| Intr:0 [0m
[0;32mI (687) I2C: Scanning I2C bus...[0m
[0;32mI (787) wifi:wifi driver task: 3ffce874, prio:23, stack:6656, core=0[0m
[0;32mI (787) wifi:wifi firmware version: 79fa3f41ba[0m
[0;32mI (787) wifi:wifi certification version: v7.0[0m
[0;32mI (787) wifi:config NVS flash: enabled[0m
[0;32mI (787) wifi:config nano formatting: disabled[0m
[0;32mI (797) wifi:Init data frame dynamic rx buffer num: 32[0m
[0;32mI (797) wifi:Init static rx mgmt buffer num: 5[0m
[0;32mI (807) wifi:Init management short buffer num: 32[0m
[0;32mI (807) wifi:Init dynamic tx buffer num: 32[0m
[0;32mI (807) wifi:Init static rx buffer size: 1600[0m
[0;32mI (817) wifi:Init static rx buffer num: 10[0m
[0;32mI (817) wifi:Init dynamic rx buffer num: 32[0m
[0;32mI (827) wifi_init: rx ba win: 6[0m
[0;32mI (827) wifi_init: accept mbox: 6[0m
[0;32mI (827) wifi_init: tcpip mbox: 32[0m
[0;32mI (827) wifi_init: udp mbox: 6[0m
[0;32mI (837) wifi_init: tcp mbox: 6[0m
[0;32mI (837) wifi_init: tcp tx win: 5760[0m
[0;32mI (837) wifi_init: tcp rx win: 5760[0m
[0;32mI (847) wifi_init: tcp mss: 1440[0m
[0;32mI (847) wifi_init: WiFi IRAM OP enabled[0m
[0;32mI (847) wifi_init: WiFi RX IRAM OP enabled[0m
[0;32mI (857) wifi_prov_scheme_ble: BT memory released[0m
[0;32mI (857) rc522_ID: Starting provisioning[0m
[0;32mI (887) phy_init: phy_version 4860,6b7a6e5,Feb  6 2025,14:47:07[0m
[0;33mW (887) phy_init: failed to load RF calibration data (0x1102), falling back to full calibration[0m
[0;32mI (560) boot: Loaded app from partition at offset 0x10000[0m
[0;32mI (560) boot: Disabling RNG early entropy source...[0m
[0;32mI (571) cpu_start: Multicore app[0m
[0;32mI (579) cpu_start: Pro cpu start user code[0m
[0;32mI (579) cpu_start: cpu freq: 160000000 Hz[0m
[0;32mI (579) app_init: Application information:[0m
[0;32mI (579) app_init: Project name:     attendance_system[0m
[0;32mI (584) app_init: App version:      1[0m
[0;32mI (587) app_init: Compile time:     Sep 24 2025 14:27:29[0m
[0;32mI (592) app_init: ELF file SHA256:  623aaea8c...[0m
[0;32mI (597) app_init: ESP-IDF:          v5.4.1-dirty[0m
[0;32mI (601) efuse_init: Min chip rev:     v0.0[0m
[0;32mI (605) efuse_init: Max chip rev:     v3.99 [0m
[0;32mI (609) efuse_init: Chip rev:         v1.1[0m
[0;32mI (613) heap_init: Initializing. RAM available for dynamic allocation:[0m
[0;32mI (619) heap_init: At 3FFAFF10 len 000000F0 (0 KiB): DRAM[0m
[0;32mI (624) heap_init: At 3FFB6388 len 00001C78 (7 KiB): DRAM[0m
[0;32mI (629) heap_init: At 3FFB9A20 len 00004108 (16 KiB): DRAM[0m
[0;32mI (634) heap_init: At 3FFCA880 len 00015780 (85 KiB): DRAM[0m
[0;32mI (639) heap_init: At 3FFE0440 len 00003AE0 (14 KiB): D/IRAM[0m
[0;32mI (645) heap_init: At 3FFE4350 len 0001BCB0 (111 KiB): D/IRAM[0m
[0;32mI (650) heap_init: At 4009F7CC len 00000834 (2 KiB): IRAM[0m
[0;32mI (657) spi_flash: detected chip: generic[0m
[0;32mI (659) spi_flash: flash io: dio[0m
[0;33mW (662) i2c: This driver is an old driver, please migrate your application code to adapt `driver/i2c_master.h`[0m
[0;32mI (673) coexist: coex firmware version: e727207[0m
[0;32mI (677) main_task: Started on CPU0[0m
[0;32mI (687) main_task: Calling app_main()[0m
[0;32mI (687) gpio: GPIO[25]| InputEn: 1| OutputEn: 0| OpenDrain: 0| Pullup: 1| Pulldown: 0| Intr:0 [0m
[0;32mI (687) I2C: Scanning I2C bus...[0m
[0;32mI (787) wifi:wifi driver task: 3ffce874, prio:23, stack:6656, core=0[0m
[0;32mI (787) wifi:wifi firmware version: 79fa3f41ba[0m
[0;32mI (787) wifi:wifi certification version: v7.0[0m
[0;32mI (787) wifi:config NVS flash: enabled[0m
[0;32mI (787) wifi:config nano formatting: disabled[0m
[0;32mI (797) wifi:Init data frame dynamic rx buffer num: 32[0m
[0;32mI (797) wifi:Init static rx mgmt buffer num: 5[0m
[0;32mI (807) wifi:Init management short buffer num: 32[0m
[0;32mI (807) wifi:Init dynamic tx buffer num: 32[0m
[0;32mI (807) wifi:Init static rx buffer size: 1600[0m
[0;32mI (817) wifi:Init static rx buffer num: 10[0m
[0;32mI (817) wifi:Init dynamic rx buffer num: 32[0m
[0;32mI (827) wifi_init: rx ba win: 6[0m
[0;32mI (827) wifi_init: accept mbox: 6[0m
[0;32mI (827) wifi_init: tcpip mbox: 32[0m
[0;32mI (827) wifi_init: udp mbox: 6[0m
[0;32mI (837) wifi_init: tcp mbox: 6[0m
[0;32mI (837) wifi_init: tcp tx win: 5760[0m
[0;32mI (837) wifi_init: tcp rx win: 5760[0m
[0;32mI (847) wifi_init: tcp mss: 1440[0m
[0;32mI (847) wifi_init: WiFi IRAM OP enabled[0m
[0;32mI (847) wifi_init: WiFi RX IRAM OP enabled[0m
[0;32mI (857) wifi_prov_scheme_ble: BT memory released[0m
[0;32mI (857) rc522_ID: Starting provisioning[0m
[0;32mI (887) phy_init: phy_version 4860,6b7a6e5,Feb  6 2025,14:47:07[0m
[0;33mW (887) phy_init: failed to load RF calibration data (0x1102), falling back to full calibration[0m
[0;32mI (560) boot: Loaded app from partition at offset 0x10000[0m
[0;32mI (560) boot: Disabling RNG early entropy source...[0m
[0;32mI (571) cpu_start: Multicore app[0m
[0;32mI (579) cpu_start: Pro cpu start user code[0m
[0;32mI (579) cpu_start: cpu freq: 160000000 Hz[0m
[0;32mI (579) app_init: Application information:[0m
[0;32mI (579) app_init: Project name:     attendance_system[0m
[0;32mI (584) app_init: App version:      1[0m
[0;32mI (587) app_init: Compile time:     Sep 24 2025 14:27:29[0m
[0;32mI (592) app_init: ELF file SHA256:  623aaea8c...[0m
[0;32mI (597) app_init: ESP-IDF:          v5.4.1-dirty[0m
[0;32mI (601) efuse_init: Min chip rev:     v0.0[0m
[0;32mI (605) efuse_init: Max chip rev:     v3.99 [0m
[0;32mI (609) efuse_init: Chip rev:         v1.1[0m
[0;32mI (613) heap_init: Initializing. RAM available for dynamic allocation:[0m
[0;32mI (619) heap_init: At 3FFAFF10 len 000000F0 (0 KiB): DRAM[0m
[0;32mI (624) heap_init: At 3FFB6388 len 00001C78 (7 KiB): DRAM[0m
[0;32mI (629) heap_init: At 3FFB9A20 len 00004108 (16 KiB): DRAM[0m
[0;32mI (634) heap_init: At 3FFCA880 len 00015780 (85 KiB): DRAM[0m
[0;32mI (639) heap_init: At 3FFE0440 len 00003AE0 (14 KiB): D/IRAM[0m
[0;32mI (645) heap_init: At 3FFE4350 len 0001BCB0 (111 KiB): D/IRAM[0m
[0;32mI (650) heap_init: At 4009F7CC len 00000834 (2 KiB): IRAM[0m
[0;32mI (657) spi_flash: detected chip: generic[0m
[0;32mI (659) spi_flash: flash io: dio[0m
[0;33mW (662) i2c: This driver is an old driver, please migrate your application code to adapt `driver/i2c_master.h`[0m
[0;32mI (673) coexist: coex firmware version: e727207[0m
[0;32mI (677) main_task: Started on CPU0[0m
[0;32mI (687) main_task: Calling app_main()[0m
[0;32mI (687) gpio: GPIO[25]| InputEn: 1| OutputEn: 0| OpenDrain: 0| Pullup: 1| Pulldown: 0| Intr:0 [0m
[0;32mI (687) I2C: Scanning I2C bus...[0m
[0;32mI (787) wifi:wifi driver task: 3ffce874, prio:23, stack:6656, core=0[0m
[0;32mI (787) wifi:wifi firmware version: 79fa3f41ba[0m
[0;32mI (787) wifi:wifi certification version: v7.0[0m
[0;32mI (787) wifi:config NVS flash: enabled[0m
[0;32mI (787) wifi:config nano formatting: disabled[0m
[0;32mI (797) wifi:Init data frame dynamic rx buffer num: 32[0m
[0;32mI (797) wifi:Init static rx mgmt buffer num: 5[0m
[0;32mI (807) wifi:Init management short buffer num: 32[0m
[0;32mI (807) wifi:Init dynamic tx buffer num: 32[0m
[0;32mI (807) wifi:Init static rx buffer size: 1600[0m
[0;32mI (817) wifi:Init static rx buffer num: 10[0m
[0;32mI (817) wifi:Init dynamic rx buffer num: 32[0m
[0;32mI (827) wifi_init: rx ba win: 6[0m
[0;32mI (827) wifi_init: accept mbox: 6[0m
[0;32mI (827) wifi_init: tcpip mbox: 32[0m
[0;32mI (827) wifi_init: udp mbox: 6[0m
[0;32mI (837) wifi_init: tcp mbox: 6[0m
[0;32mI (837) wifi_init: tcp tx win: 5760[0m
[0;32mI (837) wifi_init: tcp rx win: 5760[0m
[0;32mI (847) wifi_init: tcp mss: 1440[0m
[0;32mI (847) wifi_init: WiFi IRAM OP enabled[0m
[0;32mI (847) wifi_init: WiFi RX IRAM OP enabled[0m
[0;32mI (857) wifi_prov_scheme_ble: BT memory released[0m
[0;32mI (857) rc522_ID: Starting provisioning[0m
[0;32mI (887) phy_init: phy_version 4860,6b7a6e5,Feb  6 2025,14:47:07[0m
[0;33mW (887) phy_init: failed to load RF calibration data (0x1102), falling back to full calibration[0m
[0;32mI (560) boot: Loaded app from partition at offset 0x10000[0m
[0;32mI (560) boot: Disabling RNG early entropy source...[0m
[0;32mI (571) cpu_start: Multicore app[0m
[0;32mI (579) cpu_start: Pro cpu start user code[0m
[0;32mI (579) cpu_start: cpu freq: 160000000 Hz[0m
[0;32mI (579) app_init: Application information:[0m
[0;32mI (579) app_init: Project name:     attendance_system[0m
[0;32mI (584) app_init: App version:      1[0m
[0;32mI (587) app_init: Compile time:     Sep 24 2025 14:27:29[0m
[0;32mI (592) app_init: ELF file SHA256:  623aaea8c...[0m
[0;32mI (597) app_init: ESP-IDF:          v5.4.1-dirty[0m
[0;32mI (601) efuse_init: Min chip rev:     v0.0[0m
[0;32mI (605) efuse_init: Max chip rev:     v3.99 [0m
[0;32mI (609) efuse_init: Chip rev:         v1.1[0m
[0;32mI (613) heap_init: Initializing. RAM available for dynamic allocation:[0m
[0;32mI (619) heap_init: At 3FFAFF10 len 000000F0 (0 KiB): DRAM[0m
[0;32mI (624) heap_init: At 3FFB6388 len 00001C78 (7 KiB): DRAM[0m
[0;32mI (629) heap_init: At 3FFB9A20 len 00004108 (16 KiB): DRAM[0m
[0;32mI (634) heap_init: At 3FFCA880 len 00015780 (85 KiB): DRAM[0m
[0;32mI (639) heap_init: At 3FFE0440 len 00003AE0 (14 KiB): D/IRAM[0m
[0;32mI (645) heap_init: At 3FFE4350 len 0001BCB0 (111 KiB): D/IRAM[0m
[0;32mI (650) heap_init: At 4009F7CC len 00000834 (2 KiB): IRAM[0m
[0;32mI (657) spi_flash: detected chip: generic[0m
[0;32mI (659) spi_flash: flash io: dio[0m
[0;33mW (662) i2c: This driver is an old driver, please migrate your application code to adapt `driver/i2c_master.h`[0m
[0;32mI (673) coexist: coex firmware version: e727207[0m
[0;32mI (677) main_task: Started on CPU0[0m
[0;32mI (687) main_task: Calling app_main()[0m
[0;32mI (687) gpio: GPIO[25]| InputEn: 1| OutputEn: 0| OpenDrain: 0| Pullup: 1| Pulldown: 0| Intr:0 [0m
[0;32mI (687) I2C: Scanning I2C bus...[0m
[0;32mI (787) wifi:wifi driver task: 3ffce874, prio:23, stack:6656, core=0[0m
[0;32mI (787) wifi:wifi firmware version: 79fa3f41ba[0m
[0;32mI (787) wifi:wifi certification version: v7.0[0m
[0;32mI (787) wifi:config NVS flash: enabled[0m
[0;32mI (787) wifi:config nano formatting: disabled[0m
[0;32mI (797) wifi:Init data frame dynamic rx buffer num: 32[0m
[0;32mI (797) wifi:Init static rx mgmt buffer num: 5[0m
[0;32mI (807) wifi:Init management short buffer num: 32[0m
[0;32mI (807) wifi:Init dynamic tx buffer num: 32[0m
[0;32mI (807) wifi:Init static rx buffer size: 1600[0m
[0;32mI (817) wifi:Init static rx buffer num: 10[0m
[0;32mI (817) wifi:Init dynamic rx buffer num: 32[0m
[0;32mI (827) wifi_init: rx ba win: 6[0m
[0;32mI (827) wifi_init: accept mbox: 6[0m
[0;32mI (827) wifi_init: tcpip mbox: 32[0m
[0;32mI (827) wifi_init: udp mbox: 6[0m
[0;32mI (837) wifi_init: tcp mbox: 6[0m
[0;32mI (837) wifi_init: tcp tx win: 5760[0m
[0;32mI (837) wifi_init: tcp rx win: 5760[0m
[0;32mI (847) wifi_init: tcp mss: 1440[0m
[0;32mI (847) wifi_init: WiFi IRAM OP enabled[0m
[0;32mI (847) wifi_init: WiFi RX IRAM OP enabled[0m
[0;32mI (857) wifi_prov_scheme_ble: BT memory released[0m
[0;32mI (857) rc522_ID: Starting provisioning[0m
[0;32mI (887) phy_init: phy_version 4860,6b7a6e5,Feb  6 2025,14:47:07[0m
[0;33mW (887) phy_init: failed to load RF calibration data (0x1102), falling back to full calibration[0m
[0;32mI (560) boot: Loaded app from partition at offset 0x10000[0m
[0;32mI (560) boot: Disabling RNG early entropy source...[0m
[0;32mI (571) cpu_start: Multicore app[0m
[0;32mI (579) cpu_start: Pro cpu start user code[0m
[0;32mI (579) cpu_start: cpu freq: 160000000 Hz[0m
[0;32mI (579) app_init: Application information:[0m
[0;32mI (579) app_init: Project name:     attendance_system[0m
[0;32mI (584) app_init: App version:      1[0m
[0;32mI (587) app_init: Compile time:     Sep 24 2025 14:27:29[0m
[0;32mI (592) app_init: ELF file SHA256:  623aaea8c...[0m
[0;32mI (597) app_init: ESP-IDF:          v5.4.1-dirty[0m
[0;32mI (601) efuse_init: Min chip rev:     v0.0[0m
[0;32mI (605) efuse_init: Max chip rev:     v3.99 [0m
[0;32mI (609) efuse_init: Chip rev:         v1.1[0m
[0;32mI (613) heap_init: Initializing. RAM available for dynamic allocation:[0m
[0;32mI (619) heap_init: At 3FFAFF10 len 000000F0 (0 KiB): DRAM[0m
[0;32mI (624) heap_init: At 3FFB6388 len 00001C78 (7 KiB): DRAM[0m
[0;32mI (629) heap_init: At 3FFB9A20 len 00004108 (16 KiB): DRAM[0m
[0;32mI (634) heap_init: At 3FFCA880 len 00015780 (85 KiB): DRAM[0m
[0;32mI (640) heap_init: At 3FFE0440 len 00003AE0 (14 KiB): D/IRAM[0m
[0;32mI (645) heap_init: At 3FFE4350 len 0001BCB0 (111 KiB): D/IRAM[0m
[0;32mI (650) heap_init: At 4009F7CC len 00000834 (2 KiB): IRAM[0m
[0;32mI (657) spi_flash: detected chip: generic[0m
[0;32mI (659) spi_flash: flash io: dio[0m
[0;33mW (662) i2c: This driver is an old driver, please migrate your application code to adapt `driver/i2c_master.h`[0m
[0;32mI (673) coexist: coex firmware version: e727207[0m
[0;32mI (677) main_task: Started on CPU0[0m
[0;32mI (687) main_task: Calling app_main()[0m
[0;32mI (687) gpio: GPIO[25]| InputEn: 1| OutputEn: 0| OpenDrain: 0| Pullup: 1| Pulldown: 0| Intr:0 [0m
[0;32mI (687) I2C: Scanning I2C bus...[0m
[0;32mI (787) wifi:wifi driver task: 3ffce874, prio:23, stack:6656, core=0[0m
[0;32mI (787) wifi:wifi firmware version: 79fa3f41ba[0m
[0;32mI (787) wifi:wifi certification version: v7.0[0m
[0;32mI (787) wifi:config NVS flash: enabled[0m
[0;32mI (787) wifi:config nano formatting: disabled[0m
[0;32mI (797) wifi:Init data frame dynamic rx buffer num: 32[0m
[0;32mI (797) wifi:Init static rx mgmt buffer num: 5[0m
[0;32mI (807) wifi:Init management short buffer num: 32[0m
[0;32mI (807) wifi:Init dynamic tx buffer num: 32[0m
[0;32mI (807) wifi:Init static rx buffer size: 1600[0m
[0;32mI (817) wifi:Init static rx buffer num: 10[0m
[0;32mI (817) wifi:Init dynamic rx buffer num: 32[0m
[0;32mI (827) wifi_init: rx ba win: 6[0m
[0;32mI (827) wifi_init: accept mbox: 6[0m
[0;32mI (827) wifi_init: tcpip mbox: 32[0m
[0;32mI (827) wifi_init: udp mbox: 6[0m
[0;32mI (837) wifi_init: tcp mbox: 6[0m
[0;32mI (837) wifi_init: tcp tx win: 5760[0m
[0;32mI (837) wifi_init: tcp rx win: 5760[0m
[0;32mI (847) wifi_init: tcp mss: 1440[0m
[0;32mI (847) wifi_init: WiFi IRAM OP enabled[0m
[0;32mI (847) wifi_init: WiFi RX IRAM OP enabled[0m
[0;32mI (857) wifi_prov_scheme_ble: BT memory released[0m
[0;32mI (857) rc522_ID: Starting provisioning[0m
[0;32mI (887) phy_init: phy_version 4860,6b7a6e5,Feb  6 2025,14:47:07[0m
[0;33mW (887) phy_init: failed to load RF calibration data (0x1102), falling back to full calibration[0m
[0;32mI (560) boot: Loaded app from partition at offset 0x10000[0m
[0;32mI (560) boot: Disabling RNG early entropy source...[0m
[0;32mI (571) cpu_start: Multicore app[0m
[0;32mI (579) cpu_start: Pro cpu start user code[0m
[0;32mI (579) cpu_start: cpu freq: 160000000 Hz[0m
[0;32mI (579) app_init: Application information:[0m
[0;32mI (579) app_init: Project name:     attendance_system[0m
[0;32mI (584) app_init: App version:      1[0m
[0;32mI (587) app_init: Compile time:     Sep 24 2025 14:27:29[0m
[0;32mI (592) app_init: ELF file SHA256:  623aaea8c...[0m
[0;32mI (597) app_init: ESP-IDF:          v5.4.1-dirty[0m
[0;32mI (601) efuse_init: Min chip rev:     v0.0[0m
[0;32mI (605) efuse_init: Max chip rev:     v3.99 [0m
[0;32mI (609) efuse_init: Chip rev:         v1.1[0m
[0;32mI (613) heap_init: Initializing. RAM available for dynamic allocation:[0m
[0;32mI (619) heap_init: At 3FFAFF10 len 000000F0 (0 KiB): DRAM[0m
[0;32mI (624) heap_init: At 3FFB6388 len 00001C78 (7 KiB): DRAM[0m
[0;32mI (629) heap_init: At 3FFB9A20 len 00004108 (16 KiB): DRAM[0m
[0;32mI (634) heap_init: At 3FFCA880 len 00015780 (85 KiB): DRAM[0m
[0;32mI (640) heap_init: At 3FFE0440 len 00003AE0 (14 KiB): D/IRAM[0m
[0;32mI (645) heap_init: At 3FFE4350 len 0001BCB0 (111 KiB): D/IRAM[0m
[0;32mI (650) heap_init: At 4009F7CC len 00000834 (2 KiB): IRAM[0m
[0;32mI (657) spi_flash: detected chip: generic[0m
[0;32mI (659) spi_flash: flash io: dio[0m
[0;33mW (662) i2c: This driver is an old driver, please migrate your application code to adapt `driver/i2c_master.h`[0m
[0;32mI (673) coexist: coex firmware version: e727207[0m
[0;32mI (677) main_task: Started on CPU0[0m
[0;32mI (687) main_task: Calling app_main()[0m
[0;32mI (687) gpio: GPIO[25]| InputEn: 1| OutputEn: 0| OpenDrain: 0| Pullup: 1| Pulldown: 0| Intr:0 [0m
[0;32mI (687) I2C: Scanning I2C bus...[0m
[0;32mI (787) wifi:wifi driver task: 3ffce874, prio:23, stack:6656, core=0[0m
[0;32mI (787) wifi:wifi firmware version: 79fa3f41ba[0m
[0;32mI (787) wifi:wifi certification version: v7.0[0m
[0;32mI (787) wifi:config NVS flash: enabled[0m
[0;32mI (787) wifi:config nano formatting: disabled[0m
[0;32mI (797) wifi:Init data frame dynamic rx buffer num: 32[0m
[0;32mI (797) wifi:Init static rx mgmt buffer num: 5[0m
[0;32mI (807) wifi:Init management short buffer num: 32[0m
[0;32mI (807) wifi:Init dynamic tx buffer num: 32[0m
[0;32mI (807) wifi:Init static rx buffer size: 1600[0m
[0;32mI (817) wifi:Init static rx buffer num: 10[0m
[0;32mI (817) wifi:Init dynamic rx buffer num: 32[0m
[0;32mI (827) wifi_init: rx ba win: 6[0m
[0;32mI (827) wifi_init: accept mbox: 6[0m
[0;32mI (827) wifi_init: tcpip mbox: 32[0m
[0;32mI (827) wifi_init: udp mbox: 6[0m
[0;32mI (837) wifi_init: tcp mbox: 6[0m
[0;32mI (837) wifi_init: tcp tx win: 5760[0m
[0;32mI (837) wifi_init: tcp rx win: 5760[0m
[0;32mI (847) wifi_init: tcp mss: 1440[0m
[0;32mI (847) wifi_init: WiFi IRAM OP enabled[0m
[0;32mI (847) wifi_init: WiFi RX IRAM OP enabled[0m
[0;32mI (857) wifi_prov_scheme_ble: BT memory released[0m
[0;32mI (857) rc522_ID: Starting provisioning[0m
[0;32mI (887) phy_init: phy_version 4860,6b7a6e5,Feb  6 2025,14:47:07[0m
[0;33mW (887) phy_init: failed to load RF calibration data (0x1102), falling back to full calibration[0m
[0;32mI (560) boot: Loaded app from partition at offset 0x10000[0m
[0;32mI (560) boot: Disabling RNG early entropy source...[0m
[0;32mI (571) cpu_start: Multicore app[0m
[0;32mI (579) cpu_start: Pro cpu start user code[0m
[0;32mI (579) cpu_start: cpu freq: 160000000 Hz[0m
[0;32mI (579) app_init: Application information:[0m
[0;32mI (579) app_init: Project name:     attendance_system[0m
[0;32mI (584) app_init: App version:      1[0m
[0;32mI (587) app_init: Compile time:     Sep 24 2025 14:27:29[0m
[0;32mI (592) app_init: ELF file SHA256:  623aaea8c...[0m
[0;32mI (597) app_init: ESP-IDF:          v5.4.1-dirty[0m
[0;32mI (601) efuse_init: Min chip rev:     v0.0[0m
[0;32mI (605) efuse_init: Max chip rev:     v3.99 [0m
[0;32mI (609) efuse_init: Chip rev:         v1.1[0m
[0;32mI (613) heap_init: Initializing. RAM available for dynamic allocation:[0m
[0;32mI (619) heap_init: At 3FFAFF10 len 000000F0 (0 KiB): DRAM[0m
[0;32mI (624) heap_init: At 3FFB6388 len 00001C78 (7 KiB): DRAM[0m
[0;32mI (629) heap_init: At 3FFB9A20 len 00004108 (16 KiB): DRAM[0m
[0;32mI (634) heap_init: At 3FFCA880 len 00015780 (85 KiB): DRAM[0m
[0;32mI (640) heap_init: At 3FFE0440 len 00003AE0 (14 KiB): D/IRAM[0m
[0;32mI (645) heap_init: At 3FFE4350 len 0001BCB0 (111 KiB): D/IRAM[0m
[0;32mI (650) heap_init: At 4009F7CC len 00000834 (2 KiB): IRAM[0m
[0;32mI (657) spi_flash: detected chip: generic[0m
[0;32mI (659) spi_flash: flash io: dio[0m
[0;33mW (662) i2c: This driver is an old driver, please migrate your application code to adapt `driver/i2c_master.h`[0m
[0;32mI (673) coexist: coex firmware version: e727207[0m
[0;32mI (677) main_task: Started on CPU0[0m
[0;32mI (687) main_task: Calling app_main()[0m
[0;32mI (687) gpio: GPIO[25]| InputEn: 1| OutputEn: 0| OpenDrain: 0| Pullup: 1| Pulldown: 0| Intr:0 [0m
[0;32mI (687) I2C: Scanning I2C bus...[0m
[0;32mI (787) wifi:wifi driver task: 3ffce874, prio:23, stack:6656, core=0[0m
[0;32mI (787) wifi:wifi firmware version: 79fa3f41ba[0m
[0;32mI (787) wifi:wifi certification version: v7.0[0m
[0;32mI (787) wifi:config NVS flash: enabled[0m
[0;32mI (787) wifi:config nano formatting: disabled[0m
[0;32mI (797) wifi:Init data frame dynamic rx buffer num: 32[0m
[0;32mI (797) wifi:Init static rx mgmt buffer num: 5[0m
[0;32mI (807) wifi:Init management short buffer num: 32[0m
[0;32mI (807) wifi:Init dynamic tx buffer num: 32[0m
[0;32mI (807) wifi:Init static rx buffer size: 1600[0m
[0;32mI (817) wifi:Init static rx buffer num: 10[0m
[0;32mI (817) wifi:Init dynamic rx buffer num: 32[0m
[0;32mI (827) wifi_init: rx ba win: 6[0m
[0;32mI (827) wifi_init: accept mbox: 6[0m
[0;32mI (827) wifi_init: tcpip mbox: 32[0m
[0;32mI (827) wifi_init: udp mbox: 6[0m
[0;32mI (837) wifi_init: tcp mbox: 6[0m
[0;32mI (837) wifi_init: tcp tx win: 5760[0m
[0;32mI (837) wifi_init: tcp rx win: 5760[0m
[0;32mI (847) wifi_init: tcp mss: 1440[0m
[0;32mI (847) wifi_init: WiFi IRAM OP enabled[0m
[0;32mI (847) wifi_init: WiFi RX IRAM OP enabled[0m
[0;32mI (857) wifi_prov_scheme_ble: BT memory released[0m
[0;32mI (857) rc522_ID: Starting provisioning[0m
[0;32mI (887) phy_init: phy_version 4860,6b7a6e5,Feb  6 2025,14:47:07[0m
[0;33mW (887) phy_init: failed to load RF calibration data (0x1102), falling back to full calibration[0m
[0;32mI (560) boot: Loaded app from partition at offset 0x10000[0m
[0;32mI (560) boot: Disabling RNG early entropy source...[0m
[0;32mI (571) cpu_start: Multicore app[0m
[0;32mI (579) cpu_start: Pro cpu start user code[0m
[0;32mI (579) cpu_start: cpu freq: 160000000 Hz[0m
[0;32mI (579) app_init: Application information:[0m
[0;32mI (579) app_init: Project name:     attendance_system[0m
[0;32mI (584) app_init: App version:      1[0m
[0;32mI (587) app_init: Compile time:     Sep 24 2025 14:27:29[0m
[0;32mI (592) app_init: ELF file SHA256:  623aaea8c...[0m
[0;32mI (597) app_init: ESP-IDF:          v5.4.1-dirty[0m
[0;32mI (601) efuse_init: Min chip rev:     v0.0[0m
[0;32mI (605) efuse_init: Max chip rev:     v3.99 [0m
[0;32mI (609) efuse_init: Chip rev:         v1.1[0m
[0;32mI (613) heap_init: Initializing. RAM available for dynamic allocation:[0m
[0;32mI (619) heap_init: At 3FFAFF10 len 000000F0 (0 KiB): DRAM[0m
[0;32mI (624) heap_init: At 3FFB6388 len 00001C78 (7 KiB): DRAM[0m
[0;32mI (629) heap_init: At 3FFB9A20 len 00004108 (16 KiB): DRAM[0m
[0;32mI (634) heap_init: At 3FFCA880 len 00015780 (85 KiB): DRAM[0m
[0;32mI (640) heap_init: At 3FFE0440 len 00003AE0 (14 KiB): D/IRAM[0m
[0;32mI (645) heap_init: At 3FFE4350 len 0001BCB0 (111 KiB): D/IRAM[0m
[0;32mI (650) heap_init: At 4009F7CC len 00000834 (2 KiB): IRAM[0m
[0;32mI (657) spi_flash: detected chip: generic[0m
[0;32mI (659) spi_flash: flash io: dio[0m
[0;33mW (662) i2c: This driver is an old driver, please migrate your application code to adapt `driver/i2c_master.h`[0m
[0;32mI (673) coexist: coex firmware version: e727207[0m
[0;32mI (677) main_task: Started on CPU0[0m
[0;32mI (687) main_task: Calling app_main()[0m
[0;32mI (687) gpio: GPIO[25]| InputEn: 1| OutputEn: 0| OpenDrain: 0| Pullup: 1| Pulldown: 0| Intr:0 [0m
[0;32mI (687) I2C: Scanning I2C bus...[0m
[0;32mI (787) wifi:wifi driver task: 3ffce874, prio:23, stack:6656, core=0[0m
[0;32mI (787) wifi:wifi firmware version: 79fa3f41ba[0m
[0;32mI (787) wifi:wifi certification version: v7.0[0m
[0;32mI (787) wifi:config NVS flash: enabled[0m
[0;32mI (787) wifi:config nano formatting: disabled[0m
[0;32mI (797) wifi:Init data frame dynamic rx buffer num: 32[0m
[0;32mI (797) wifi:Init static rx mgmt buffer num: 5[0m
[0;32mI (807) wifi:Init management short buffer num: 32[0m
[0;32mI (807) wifi:Init dynamic tx buffer num: 32[0m
[0;32mI (807) wifi:Init static rx buffer size: 1600[0m
[0;32mI (817) wifi:Init static rx buffer num: 10[0m
[0;32mI (817) wifi:Init dynamic rx buffer num: 32[0m
[0;32mI (827) wifi_init: rx ba win: 6[0m
[0;32mI (827) wifi_init: accept mbox: 6[0m
[0;32mI (827) wifi_init: tcpip mbox: 32[0m
[0;32mI (827) wifi_init: udp mbox: 6[0m
[0;32mI (837) wifi_init: tcp mbox: 6[0m
[0;32mI (837) wifi_init: tcp tx win: 5760[0m
[0;32mI (837) wifi_init: tcp rx win: 5760[0m
[0;32mI (847) wifi_init: tcp mss: 1440[0m
[0;32mI (847) wifi_init: WiFi IRAM OP enabled[0m
[0;32mI (847) wifi_init: WiFi RX IRAM OP enabled[0m
[0;32mI (857) wifi_prov_scheme_ble: BT memory released[0m
[0;32mI (857) rc522_ID: Starting provisioning[0m
[0;32mI (887) phy_init: phy_version 4860,6b7a6e5,Feb  6 2025,14:47:07[0m
[0;33mW (887) phy_init: failed to load RF calibration data (0x1102), falling back to full calibration[0m
[0;32mI (560) boot: Loaded app from partition at offset 0x10000[0m
[0;32mI (560) boot: Disabling RNG early entropy source...[0m
[0;32mI (571) cpu_start: Multicore app[0m
[0;32mI (579) cpu_start: Pro cpu start user code[0m
[0;32mI (579) cpu_start: cpu freq: 160000000 Hz[0m
[0;32mI (579) app_init: Application information:[0m
[0;32mI (579) app_init: Project name:     attendance_system[0m
[0;32mI (584) app_init: App version:      1[0m
[0;32mI (587) app_init: Compile time:     Sep 24 2025 14:27:29[0m
[0;32mI (592) app_init: ELF file SHA256:  623aaea8c...[0m
[0;32mI (597) app_init: ESP-IDF:          v5.4.1-dirty[0m
[0;32mI (601) efuse_init: Min chip rev:     v0.0[0m
[0;32mI (605) efuse_init: Max chip rev:     v3.99 [0m
[0;32mI (609) efuse_init: Chip rev:         v1.1[0m
[0;32mI (613) heap_init: Initializing. RAM available for dynamic allocation:[0m
[0;32mI (619) heap_init: At 3FFAFF10 len 000000F0 (0 KiB): DRAM[0m
[0;32mI (624) heap_init: At 3FFB6388 len 00001C78 (7 KiB): DRAM[0m
[0;32mI (629) heap_init: At 3FFB9A20 len 00004108 (16 KiB): DRAM[0m
[0;32mI (634) heap_init: At 3FFCA880 len 00015780 (85 KiB): DRAM[0m
[0;32mI (639) heap_init: At 3FFE0440 len 00003AE0 (14 KiB): D/IRAM[0m
[0;32mI (645) heap_init: At 3FFE4350 len 0001BCB0 (111 KiB): D/IRAM[0m
[0;32mI (650) heap_init: At 4009F7CC len 00000834 (2 KiB): IRAM[0m
[0;32mI (657) spi_flash: detected chip: generic[0m
[0;32mI (659) spi_flash: flash io: dio[0m
[0;33mW (662) i2c: This driver is an old driver, please migrate your application code to adapt `driver/i2c_master.h`[0m
[0;32mI (673) coexist: coex firmware version: e727207[0m
[0;32mI (677) main_task: Started on CPU0[0m
[0;32mI (687) main_task: Calling app_main()[0m
[0;32mI (687) gpio: GPIO[25]| InputEn: 1| OutputEn: 0| OpenDrain: 0| Pullup: 1| Pulldown: 0| Intr:0 [0m
[0;32mI (687) I2C: Scanning I2C bus...[0m
[0;32mI (787) wifi:wifi driver task: 3ffce874, prio:23, stack:6656, core=0[0m
[0;32mI (787) wifi:wifi firmware version: 79fa3f41ba[0m
[0;32mI (787) wifi:wifi certification version: v7.0[0m
[0;32mI (787) wifi:config NVS flash: enabled[0m
[0;32mI (787) wifi:config nano formatting: disabled[0m
[0;32mI (797) wifi:Init data frame dynamic rx buffer num: 32[0m
[0;32mI (797) wifi:Init static rx mgmt buffer num: 5[0m
[0;32mI (807) wifi:Init management short buffer num: 32[0m
[0;32mI (807) wifi:Init dynamic tx buffer num: 32[0m
[0;32mI (807) wifi:Init static rx buffer size: 1600[0m
[0;32mI (817) wifi:Init static rx buffer num: 10[0m
[0;32mI (817) wifi:Init dynamic rx buffer num: 32[0m
[0;32mI (827) wifi_init: rx ba win: 6[0m
[0;32mI (827) wifi_init: accept mbox: 6[0m
[0;32mI (827) wifi_init: tcpip mbox: 32[0m
[0;32mI (827) wifi_init: udp mbox: 6[0m
[0;32mI (837) wifi_init: tcp mbox: 6[0m
[0;32mI (837) wifi_init: tcp tx win: 5760[0m
[0;32mI (837) wifi_init: tcp rx win: 5760[0m
[0;32mI (847) wifi_init: tcp mss: 1440[0m
[0;32mI (847) wifi_init: WiFi IRAM OP enabled[0m
[0;32mI (847) wifi_init: WiFi RX IRAM OP enabled[0m
[0;32mI (857) wifi_prov_scheme_ble: BT memory released[0m
[0;32mI (857) rc522_ID: Starting provisioning[0m
[0;32mI (887) phy_init: phy_version 4860,6b7a6e5,Feb  6 2025,14:47:07[0m
[0;33mW (887) phy_init: failed to load RF calibration data (0x1102), falling back to full calibration[0m
[0;32mI (560) boot: Loaded app from partition at offset 0x10000[0m
[0;32mI (560) boot: Disabling RNG early entropy source...[0m
[0;32mI (571) cpu_start: Multicore app[0m
[0;32mI (579) cpu_start: Pro cpu start user code[0m
[0;32mI (579) cpu_start: cpu freq: 160000000 Hz[0m
[0;32mI (579) app_init: Application information:[0m
[0;32mI (579) app_init: Project name:     attendance_system[0m
[0;32mI (584) app_init: App version:      1[0m
[0;32mI (587) app_init: Compile time:     Sep 24 2025 14:27:29[0m
[0;32mI (592) app_init: ELF file SHA256:  623aaea8c...[0m
[0;32mI (597) app_init: ESP-IDF:          v5.4.1-dirty[0m
[0;32mI (601) efuse_init: Min chip rev:     v0.0[0m
[0;32mI (605) efuse_init: Max chip rev:     v3.99 [0m
[0;32mI (609) efuse_init: Chip rev:         v1.1[0m
[0;32mI (613) heap_init: Initializing. RAM available for dynamic allocation:[0m
[0;32mI (619) heap_init: At 3FFAFF10 len 000000F0 (0 KiB): DRAM[0m
[0;32mI (624) heap_init: At 3FFB6388 len 00001C78 (7 KiB): DRAM[0m
[0;32mI (629) heap_init: At 3FFB9A20 len 00004108 (16 KiB): DRAM[0m
[0;32mI (634) heap_init: At 3FFCA880 len 00015780 (85 KiB): DRAM[0m
[0;32mI (640) heap_init: At 3FFE0440 len 00003AE0 (14 KiB): D/IRAM[0m
[0;32mI (645) heap_init: At 3FFE4350 len 0001BCB0 (111 KiB): D/IRAM[0m
[0;32mI (650) heap_init: At 4009F7CC len 00000834 (2 KiB): IRAM[0m
[0;32mI (657) spi_flash: detected chip: generic[0m
[0;32mI (659) spi_flash: flash io: dio[0m
[0;33mW (662) i2c: This driver is an old driver, please migrate your application code to adapt `driver/i2c_master.h`[0m
[0;32mI (673) coexist: coex firmware version: e727207[0m
[0;32mI (677) main_task: Started on CPU0[0m
[0;32mI (687) main_task: Calling app_main()[0m
[0;32mI (687) gpio: GPIO[25]| InputEn: 1| OutputEn: 0| OpenDrain: 0| Pullup: 1| Pulldown: 0| Intr:0 [0m
[0;32mI (687) I2C: Scanning I2C bus...[0m
[0;32mI (787) wifi:wifi driver task: 3ffce874, prio:23, stack:6656, core=0[0m
[0;32mI (787) wifi:wifi firmware version: 79fa3f41ba[0m
[0;32mI (787) wifi:wifi certification version: v7.0[0m
[0;32mI (787) wifi:config NVS flash: enabled[0m
[0;32mI (787) wifi:config nano formatting: disabled[0m
[0;32mI (797) wifi:Init data frame dynamic rx buffer num: 32[0m
[0;32mI (797) wifi:Init static rx mgmt buffer num: 5[0m
[0;32mI (807) wifi:Init management short buffer num: 32[0m
[0;32mI (807) wifi:Init dynamic tx buffer num: 32[0m
[0;32mI (807) wifi:Init static rx buffer size: 1600[0m
[0;32mI (817) wifi:Init static rx buffer num: 10[0m
[0;32mI (817) wifi:Init dynamic rx buffer num: 32[0m
[0;32mI (827) wifi_init: rx ba win: 6[0m
[0;32mI (827) wifi_init: accept mbox: 6[0m
[0;32mI (827) wifi_init: tcpip mbox: 32[0m
[0;32mI (827) wifi_init: udp mbox: 6[0m
[0;32mI (837) wifi_init: tcp mbox: 6[0m
[0;32mI (837) wifi_init: tcp tx win: 5760[0m
[0;32mI (837) wifi_init: tcp rx win: 5760[0m
[0;32mI (847) wifi_init: tcp mss: 1440[0m
[0;32mI (847) wifi_init: WiFi IRAM OP enabled[0m
[0;32mI (847) wifi_init: WiFi RX IRAM OP enabled[0m
[0;32mI (857) wifi_prov_scheme_ble: BT memory released[0m
[0;32mI (857) rc522_ID: Starting provisioning[0m
[0;32mI (887) phy_init: phy_version 4860,6b7a6e5,Feb  6 2025,14:47:07[0m
[0;33mW (887) phy_init: failed to load RF calibration data (0x1102), falling back to full calibration[0m
[0;32mI (560) boot: Loaded app from partition at offset 0x10000[0m
[0;32mI (560) boot: Disabling RNG early entropy source...[0m
[0;32mI (571) cpu_start: Multicore app[0m
[0;32mI (579) cpu_start: Pro cpu start user code[0m
[0;32mI (579) cpu_start: cpu freq: 160000000 Hz[0m
[0;32mI (579) app_init: Application information:[0m
[0;32mI (579) app_init: Project name:     attendance_system[0m
[0;32mI (584) app_init: App version:      1[0m
[0;32mI (587) app_init: Compile time:     Sep 24 2025 14:27:29[0m
[0;32mI (592) app_init: ELF file SHA256:  623aaea8c...[0m
[0;32mI (597) app_init: ESP-IDF:          v5.4.1-dirty[0m
[0;32mI (601) efuse_init: Min chip rev:     v0.0[0m
[0;32mI (605) efuse_init: Max chip rev:     v3.99 [0m
[0;32mI (609) efuse_init: Chip rev:         v1.1[0m
[0;32mI (613) heap_init: Initializing. RAM available for dynamic allocation:[0m
[0;32mI (619) heap_init: At 3FFAFF10 len 000000F0 (0 KiB): DRAM[0m
[0;32mI (624) heap_init: At 3FFB6388 len 00001C78 (7 KiB): DRAM[0m
[0;32mI (629) heap_init: At 3FFB9A20 len 00004108 (16 KiB): DRAM[0m
[0;32mI (634) heap_init: At 3FFCA880 len 00015780 (85 KiB): DRAM[0m
[0;32mI (639) heap_init: At 3FFE0440 len 00003AE0 (14 KiB): D/IRAM[0m
[0;32mI (645) heap_init: At 3FFE4350 len 0001BCB0 (111 KiB): D/IRAM[0m
[0;32mI (650) heap_init: At 4009F7CC len 00000834 (2 KiB): IRAM[0m
[0;32mI (657) spi_flash: detected chip: generic[0m
[0;32mI (659) spi_flash: flash io: dio[0m
[0;33mW (662) i2c: This driver is an old driver, please migrate your application code to adapt `driver/i2c_master.h`[0m
[0;32mI (673) coexist: coex firmware version: e727207[0m
[0;32mI (677) main_task: Started on CPU0[0m
[0;32mI (687) main_task: Calling app_main()[0m
[0;32mI (687) gpio: GPIO[25]| InputEn: 1| OutputEn: 0| OpenDrain: 0| Pullup: 1| Pulldown: 0| Intr:0 [0m
[0;32mI (687) I2C: Scanning I2C bus...[0m
[0;32mI (787) wifi:wifi driver task: 3ffce874, prio:23, stack:6656, core=0[0m
[0;32mI (787) wifi:wifi firmware version: 79fa3f41ba[0m
[0;32mI (787) wifi:wifi certification version: v7.0[0m
[0;32mI (787) wifi:config NVS flash: enabled[0m
[0;32mI (787) wifi:config nano formatting: disabled[0m
[0;32mI (797) wifi:Init data frame dynamic rx buffer num: 32[0m
[0;32mI (797) wifi:Init static rx mgmt buffer num: 5[0m
[0;32mI (807) wifi:Init management short buffer num: 32[0m
[0;32mI (807) wifi:Init dynamic tx buffer num: 32[0m
[0;32mI (807) wifi:Init static rx buffer size: 1600[0m
[0;32mI (817) wifi:Init static rx buffer num: 10[0m
[0;32mI (817) wifi:Init dynamic rx buffer num: 32[0m
[0;32mI (827) wifi_init: rx ba win: 6[0m
[0;32mI (827) wifi_init: accept mbox: 6[0m
[0;32mI (827) wifi_init: tcpip mbox: 32[0m
[0;32mI (827) wifi_init: udp mbox: 6[0m
[0;32mI (837) wifi_init: tcp mbox: 6[0m
[0;32mI (837) wifi_init: tcp tx win: 5760[0m
[0;32mI (837) wifi_init: tcp rx win: 5760[0m
[0;32mI (847) wifi_init: tcp mss: 1440[0m
[0;32mI (847) wifi_init: WiFi IRAM OP enabled[0m
[0;32mI (847) wifi_init: WiFi RX IRAM OP enabled[0m
[0;32mI (857) wifi_prov_scheme_ble: BT memory released[0m
[0;32mI (857) rc522_ID: Starting provisioning[0m
[0;32mI (887) phy_init: phy_version 4860,6b7a6e5,Feb  6 2025,14:47:07[0m
[0;33mW (887) phy_init: failed to load RF calibration data (0x1102), falling back to full calibration[0m
[0;32mI (560) boot: Loaded app from partition at offset 0x10000[0m
[0;32mI (560) boot: Disabling RNG early entropy source...[0m
[0;32mI (571) cpu_start: Multicore app[0m
[0;32mI (579) cpu_start: Pro cpu start user code[0m
[0;32mI (579) cpu_start: cpu freq: 160000000 Hz[0m
[0;32mI (579) app_init: Application information:[0m
[0;32mI (579) app_init: Project name:     attendance_system[0m
[0;32mI (584) app_init: App version:      1[0m
[0;32mI (587) app_init: Compile time:     Sep 24 2025 14:27:29[0m
[0;32mI (592) app_init: ELF file SHA256:  623aaea8c...[0m
[0;32mI (597) app_init: ESP-IDF:          v5.4.1-dirty[0m
[0;32mI (601) efuse_init: Min chip rev:     v0.0[0m
[0;32mI (605) efuse_init: Max chip rev:     v3.99 [0m
[0;32mI (609) efuse_init: Chip rev:         v1.1[0m
[0;32mI (613) heap_init: Initializing. RAM available for dynamic allocation:[0m
[0;32mI (619) heap_init: At 3FFAFF10 len 000000F0 (0 KiB): DRAM[0m
[0;32mI (624) heap_init: At 3FFB6388 len 00001C78 (7 KiB): DRAM[0m
[0;32mI (629) heap_init: At 3FFB9A20 len 00004108 (16 KiB): DRAM[0m
[0;32mI (634) heap_init: At 3FFCA880 len 00015780 (85 KiB): DRAM[0m
[0;32mI (639) heap_init: At 3FFE0440 len 00003AE0 (14 KiB): D/IRAM[0m
[0;32mI (645) heap_init: At 3FFE4350 len 0001BCB0 (111 KiB): D/IRAM[0m
[0;32mI (650) heap_init: At 4009F7CC len 00000834 (2 KiB): IRAM[0m
[0;32mI (657) spi_flash: detected chip: generic[0m
[0;32mI (659) spi_flash: flash io: dio[0m
[0;33mW (662) i2c: This driver is an old driver, please migrate your application code to adapt `driver/i2c_master.h`[0m
[0;32mI (673) coexist: coex firmware version: e727207[0m
[0;32mI (677) main_task: Started on CPU0[0m
[0;32mI (687) main_task: Calling app_main()[0m
[0;32mI (687) gpio: GPIO[25]| InputEn: 1| OutputEn: 0| OpenDrain: 0| Pullup: 1| Pulldown: 0| Intr:0 [0m
[0;32mI (687) I2C: Scanning I2C bus...[0m
[0;32mI (787) wifi:wifi driver task: 3ffce874, prio:23, stack:6656, core=0[0m
[0;32mI (787) wifi:wifi firmware version: 79fa3f41ba[0m
[0;32mI (787) wifi:wifi certification version: v7.0[0m
[0;32mI (787) wifi:config NVS flash: enabled[0m
[0;32mI (787) wifi:config nano formatting: disabled[0m
[0;32mI (797) wifi:Init data frame dynamic rx buffer num: 32[0m
[0;32mI (797) wifi:Init static rx mgmt buffer num: 5[0m
[0;32mI (807) wifi:Init management short buffer num: 32[0m
[0;32mI (807) wifi:Init dynamic tx buffer num: 32[0m
[0;32mI (807) wifi:Init static rx buffer size: 1600[0m
[0;32mI (817) wifi:Init static rx buffer num: 10[0m
[0;32mI (817) wifi:Init dynamic rx buffer num: 32[0m
[0;32mI (827) wifi_init: rx ba win: 6[0m
[0;32mI (827) wifi_init: accept mbox: 6[0m
[0;32mI (827) wifi_init: tcpip mbox: 32[0m
[0;32mI (827) wifi_init: udp mbox: 6[0m
[0;32mI (837) wifi_init: tcp mbox: 6[0m
[0;32mI (837) wifi_init: tcp tx win: 5760[0m
[0;32mI (837) wifi_init: tcp rx win: 5760[0m
[0;32mI (847) wifi_init: tcp mss: 1440[0m
[0;32mI (847) wifi_init: WiFi IRAM OP enabled[0m
[0;32mI (847) wifi_init: WiFi RX IRAM OP enabled[0m
[0;32mI (857) wifi_prov_scheme_ble: BT memory released[0m
[0;32mI (857) rc522_ID: Starting provisioning[0m
[0;32mI (887) phy_init: phy_version 4860,6b7a6e5,Feb  6 2025,14:47:07[0m
[0;33mW (887) phy_init: failed to load RF calibration data (0x1102), falling back to full calibration[0m
[0;32mI (560) boot: Loaded app from partition at offset 0x10000[0m
[0;32mI (560) boot: Disabling RNG early entropy source...[0m
[0;32mI (571) cpu_start: Multicore app[0m
[0;32mI (579) cpu_start: Pro cpu start user code[0m
[0;32mI (579) cpu_start: cpu freq: 160000000 Hz[0m
[0;32mI (579) app_init: Application information:[0m
[0;32mI (579) app_init: Project name:     attendance_system[0m
[0;32mI (584) app_init: App version:      1[0m
[0;32mI (587) app_init: Compile time:     Sep 24 2025 14:27:29[0m
[0;32mI (592) app_init: ELF file SHA256:  623aaea8c...[0m
[0;32mI (597) app_init: ESP-IDF:          v5.4.1-dirty[0m
[0;32mI (601) efuse_init: Min chip rev:     v0.0[0m
[0;32mI (605) efuse_init: Max chip rev:     v3.99 [0m
[0;32mI (609) efuse_init: Chip rev:         v1.1[0m
[0;32mI (613) heap_init: Initializing. RAM available for dynamic allocation:[0m
[0;32mI (619) heap_init: At 3FFAFF10 len 000000F0 (0 KiB): DRAM[0m
[0;32mI (624) heap_init: At 3FFB6388 len 00001C78 (7 KiB): DRAM[0m
[0;32mI (629) heap_init: At 3FFB9A20 len 00004108 (16 KiB): DRAM[0m
[0;32mI (634) heap_init: At 3FFCA880 len 00015780 (85 KiB): DRAM[0m
[0;32mI (639) heap_init: At 3FFE0440 len 00003AE0 (14 KiB): D/IRAM[0m
[0;32mI (645) heap_init: At 3FFE4350 len 0001BCB0 (111 KiB): D/IRAM[0m
[0;32mI (650) heap_init: At 4009F7CC len 00000834 (2 KiB): IRAM[0m
[0;32mI (657) spi_flash: detected chip: generic[0m
[0;32mI (659) spi_flash: flash io: dio[0m
[0;33mW (662) i2c: This driver is an old driver, please migrate your application code to adapt `driver/i2c_master.h`[0m
[0;32mI (673) coexist: coex firmware version: e727207[0m
[0;32mI (677) main_task: Started on CPU0[0m
[0;32mI (687) main_task: Calling app_main()[0m
[0;32mI (687) gpio: GPIO[25]| InputEn: 1| OutputEn: 0| OpenDrain: 0| Pullup: 1| Pulldown: 0| Intr:0 [0m
[0;32mI (687) I2C: Scanning I2C bus...[0m
[0;32mI (787) wifi:wifi driver task: 3ffce874, prio:23, stack:6656, core=0[0m
[0;32mI (787) wifi:wifi firmware version: 79fa3f41ba[0m
[0;32mI (787) wifi:wifi certification version: v7.0[0m
[0;32mI (787) wifi:config NVS flash: enabled[0m
[0;32mI (787) wifi:config nano formatting: disabled[0m
[0;32mI (797) wifi:Init data frame dynamic rx buffer num: 32[0m
[0;32mI (797) wifi:Init static rx mgmt buffer num: 5[0m
[0;32mI (807) wifi:Init management short buffer num: 32[0m
[0;32mI (807) wifi:Init dynamic tx buffer num: 32[0m
[0;32mI (807) wifi:Init static rx buffer size: 1600[0m
[0;32mI (817) wifi:Init static rx buffer num: 10[0m
[0;32mI (817) wifi:Init dynamic rx buffer num: 32[0m
[0;32mI (827) wifi_init: rx ba win: 6[0m
[0;32mI (827) wifi_init: accept mbox: 6[0m
[0;32mI (827) wifi_init: tcpip mbox: 32[0m
[0;32mI (827) wifi_init: udp mbox: 6[0m
[0;32mI (837) wifi_init: tcp mbox: 6[0m
[0;32mI (837) wifi_init: tcp tx win: 5760[0m
[0;32mI (837) wifi_init: tcp rx win: 5760[0m
[0;32mI (847) wifi_init: tcp mss: 1440[0m
[0;32mI (847) wifi_init: WiFi IRAM OP enabled[0m
[0;32mI (847) wifi_init: WiFi RX IRAM OP enabled[0m
[0;32mI (857) wifi_prov_scheme_ble: BT memory released[0m
[0;32mI (857) rc522_ID: Starting provisioning[0m
[0;32mI (887) phy_init: phy_version 4860,6b7a6e5,Feb  6 2025,14:47:07[0m
[0;33mW (887) phy_init: failed to load RF calibration data (0x1102), falling back to full calibration[0m
[0;32mI (560) boot: Loaded app from partition at offset 0x10000[0m
[0;32mI (560) boot: Disabling RNG early entropy source...[0m
[0;32mI (571) cpu_start: Multicore app[0m
[0;32mI (579) cpu_start: Pro cpu start user code[0m
[0;32mI (579) cpu_start: cpu freq: 160000000 Hz[0m
[0;32mI (579) app_init: Application information:[0m
[0;32mI (579) app_init: Project name:     attendance_system[0m
[0;32mI (584) app_init: App version:      1[0m
[0;32mI (587) app_init: Compile time:     Sep 24 2025 14:27:29[0m
[0;32mI (592) app_init: ELF file SHA256:  623aaea8c...[0m
[0;32mI (597) app_init: ESP-IDF:          v5.4.1-dirty[0m
[0;32mI (601) efuse_init: Min chip rev:     v0.0[0m
[0;32mI (605) efuse_init: Max chip rev:     v3.99 [0m
[0;32mI (609) efuse_init: Chip rev:         v1.1[0m
[0;32mI (613) heap_init: Initializing. RAM available for dynamic allocation:[0m
[0;32mI (619) heap_init: At 3FFAFF10 len 000000F0 (0 KiB): DRAM[0m
[0;32mI (624) heap_init: At 3FFB6388 len 00001C78 (7 KiB): DRAM[0m
[0;32mI (629) heap_init: At 3FFB9A20 len 00004108 (16 KiB): DRAM[0m
[0;32mI (634) heap_init: At 3FFCA880 len 00015780 (85 KiB): DRAM[0m
[0;32mI (640) heap_init: At 3FFE0440 len 00003AE0 (14 KiB): D/IRAM[0m
[0;32mI (645) heap_init: At 3FFE4350 len 0001BCB0 (111 KiB): D/IRAM[0m
[0;32mI (650) heap_init: At 4009F7CC len 00000834 (2 KiB): IRAM[0m
[0;32mI (657) spi_flash: detected chip: generic[0m
[0;32mI (659) spi_flash: flash io: dio[0m
[0;33mW (662) i2c: This driver is an old driver, please migrate your application code to adapt `driver/i2c_master.h`[0m
[0;32mI (673) coexist: coex firmware version: e727207[0m
[0;32mI (677) main_task: Started on CPU0[0m
[0;32mI (687) main_task: Calling app_main()[0m
[0;32mI (687) gpio: GPIO[25]| InputEn: 1| OutputEn: 0| OpenDrain: 0| Pullup: 1| Pulldown: 0| Intr:0 [0m
[0;32mI (687) I2C: Scanning I2C bus...[0m
[0;32mI (787) wifi:wifi driver task: 3ffce874, prio:23, stack:6656, core=0[0m
[0;32mI (787) wifi:wifi firmware version: 79fa3f41ba[0m
[0;32mI (787) wifi:wifi certification version: v7.0[0m
[0;32mI (787) wifi:config NVS flash: enabled[0m
[0;32mI (787) wifi:config nano formatting: disabled[0m
[0;32mI (797) wifi:Init data frame dynamic rx buffer num: 32[0m
[0;32mI (797) wifi:Init static rx mgmt buffer num: 5[0m
[0;32mI (807) wifi:Init management short buffer num: 32[0m
[0;32mI (807) wifi:Init dynamic tx buffer num: 32[0m
[0;32mI (807) wifi:Init static rx buffer size: 1600[0m
[0;32mI (817) wifi:Init static rx buffer num: 10[0m
[0;32mI (817) wifi:Init dynamic rx buffer num: 32[0m
[0;32mI (827) wifi_init: rx ba win: 6[0m
[0;32mI (827) wifi_init: accept mbox: 6[0m
[0;32mI (827) wifi_init: tcpip mbox: 32[0m
[0;32mI (827) wifi_init: udp mbox: 6[0m
[0;32mI (837) wifi_init: tcp mbox: 6[0m
[0;32mI (837) wifi_init: tcp tx win: 5760[0m
[0;32mI (837) wifi_init: tcp rx win: 5760[0m
[0;32mI (847) wifi_init: tcp mss: 1440[0m
[0;32mI (847) wifi_init: WiFi IRAM OP enabled[0m
[0;32mI (847) wifi_init: WiFi RX IRAM OP enabled[0m
[0;32mI (857) wifi_prov_scheme_ble: BT memory released[0m
[0;32mI (857) rc522_ID: Starting provisioning[0m
[0;32mI (887) phy_init: phy_version 4860,6b7a6e5,Feb  6 2025,14:47:07[0m
[0;33mW (887) phy_init: failed to load RF calibration data (0x1102), falling back to full calibration[0m
[0;32mI (560) boot: Loaded app from partition at offset 0x10000[0m
[0;32mI (560) boot: Disabling RNG early entropy source...[0m
[0;32mI (571) cpu_start: Multicore app[0m
[0;32mI (579) cpu_start: Pro cpu start user code[0m
[0;32mI (579) cpu_start: cpu freq: 160000000 Hz[0m
[0;32mI (579) app_init: Application information:[0m
[0;32mI (579) app_init: Project name:     attendance_system[0m
[0;32mI (584) app_init: App version:      1[0m
[0;32mI (587) app_init: Compile time:     Sep 24 2025 14:27:29[0m
[0;32mI (592) app_init: ELF file SHA256:  623aaea8c...[0m
[0;32mI (597) app_init: ESP-IDF:          v5.4.1-dirty[0m
[0;32mI (601) efuse_init: Min chip rev:     v0.0[0m
[0;32mI (605) efuse_init: Max chip rev:     v3.99 [0m
[0;32mI (609) efuse_init: Chip rev:         v1.1[0m
[0;32mI (613) heap_init: Initializing. RAM available for dynamic allocation:[0m
[0;32mI (619) heap_init: At 3FFAFF10 len 000000F0 (0 KiB): DRAM[0m
[0;32mI (624) heap_init: At 3FFB6388 len 00001C78 (7 KiB): DRAM[0m
[0;32mI (629) heap_init: At 3FFB9A20 len 00004108 (16 KiB): DRAM[0m
[0;32mI (634) heap_init: At 3FFCA880 len 00015780 (85 KiB): DRAM[0m
[0;32mI (640) heap_init: At 3FFE0440 len 00003AE0 (14 KiB): D/IRAM[0m
[0;32mI (645) heap_init: At 3FFE4350 len 0001BCB0 (111 KiB): D/IRAM[0m
[0;32mI (650) heap_init: At 4009F7CC len 00000834 (2 KiB): IRAM[0m
[0;32mI (657) spi_flash: detected chip: generic[0m
[0;32mI (659) spi_flash: flash io: dio[0m
[0;33mW (662) i2c: This driver is an old driver, please migrate your application code to adapt `driver/i2c_master.h`[0m
[0;32mI (673) coexist: coex firmware version: e727207[0m
[0;32mI (677) main_task: Started on CPU0[0m
[0;32mI (687) main_task: Calling app_main()[0m
[0;32mI (687) gpio: GPIO[25]| InputEn: 1| OutputEn: 0| OpenDrain: 0| Pullup: 1| Pulldown: 0| Intr:0 [0m
[0;32mI (687) I2C: Scanning I2C bus...[0m
[0;32mI (787) wifi:wifi driver task: 3ffce874, prio:23, stack:6656, core=0[0m
[0;32mI (787) wifi:wifi firmware version: 79fa3f41ba[0m
[0;32mI (787) wifi:wifi certification version: v7.0[0m
[0;32mI (787) wifi:config NVS flash: enabled[0m
[0;32mI (787) wifi:config nano formatting: disabled[0m
[0;32mI (797) wifi:Init data frame dynamic rx buffer num: 32[0m
[0;32mI (797) wifi:Init static rx mgmt buffer num: 5[0m
[0;32mI (807) wifi:Init management short buffer num: 32[0m
[0;32mI (807) wifi:Init dynamic tx buffer num: 32[0m
[0;32mI (807) wifi:Init static rx buffer size: 1600[0m
[0;32mI (817) wifi:Init static rx buffer num: 10[0m
[0;32mI (817) wifi:Init dynamic rx buffer num: 32[0m
[0;32mI (827) wifi_init: rx ba win: 6[0m
[0;32mI (827) wifi_init: accept mbox: 6[0m
[0;32mI (827) wifi_init: tcpip mbox: 32[0m
[0;32mI (827) wifi_init: udp mbox: 6[0m
[0;32mI (837) wifi_init: tcp mbox: 6[0m
[0;32mI (837) wifi_init: tcp tx win: 5760[0m
[0;32mI (837) wifi_init: tcp rx win: 5760[0m
[0;32mI (847) wifi_init: tcp mss: 1440[0m
[0;32mI (847) wifi_init: WiFi IRAM OP enabled[0m
[0;32mI (847) wifi_init: WiFi RX IRAM OP enabled[0m
[0;32mI (857) wifi_prov_scheme_ble: BT memory released[0m
[0;32mI (857) rc522_ID: Starting provisioning[0m
[0;32mI (887) phy_init: phy_version 4860,6b7a6e5,Feb  6 2025,14:47:07[0m
[0;33mW (887) phy_init: failed to load RF calibration data (0x1102), falling back to full calibration[0m
[0;32mI (560) boot: Loaded app from partition at offset 0x10000[0m
[0;32mI (560) boot: Disabling RNG early entropy source...[0m
[0;32mI (571) cpu_start: Multicore app[0m
[0;32mI (579) cpu_start: Pro cpu start user code[0m
[0;32mI (579) cpu_start: cpu freq: 160000000 Hz[0m
[0;32mI (579) app_init: Application information:[0m
[0;32mI (579) app_init: Project name:     attendance_system[0m
[0;32mI (584) app_init: App version:      1[0m
[0;32mI (587) app_init: Compile time:     Sep 24 2025 14:27:29[0m
[0;32mI (592) app_init: ELF file SHA256:  623aaea8c...[0m
[0;32mI (597) app_init: ESP-IDF:          v5.4.1-dirty[0m
[0;32mI (601) efuse_init: Min chip rev:     v0.0[0m
[0;32mI (605) efuse_init: Max chip rev:     v3.99 [0m
[0;32mI (609) efuse_init: Chip rev:         v1.1[0m
[0;32mI (613) heap_init: Initializing. RAM available for dynamic allocation:[0m
[0;32mI (619) heap_init: At 3FFAFF10 len 000000F0 (0 KiB): DRAM[0m
[0;32mI (624) heap_init: At 3FFB6388 len 00001C78 (7 KiB): DRAM[0m
[0;32mI (629) heap_init: At 3FFB9A20 len 00004108 (16 KiB): DRAM[0m
[0;32mI (634) heap_init: At 3FFCA880 len 00015780 (85 KiB): DRAM[0m
[0;32mI (640) heap_init: At 3FFE0440 len 00003AE0 (14 KiB): D/IRAM[0m
[0;32mI (645) heap_init: At 3FFE4350 len 0001BCB0 (111 KiB): D/IRAM[0m
[0;32mI (650) heap_init: At 4009F7CC len 00000834 (2 KiB): IRAM[0m
[0;32mI (657) spi_flash: detected chip: generic[0m
[0;32mI (659) spi_flash: flash io: dio[0m
[0;33mW (662) i2c: This driver is an old driver, please migrate your application code to adapt `driver/i2c_master.h`[0m
[0;32mI (673) coexist: coex firmware version: e727207[0m
[0;32mI (677) main_task: Started on CPU0[0m
[0;32mI (687) main_task: Calling app_main()[0m
[0;32mI (687) gpio: GPIO[25]| InputEn: 1| OutputEn: 0| OpenDrain: 0| Pullup: 1| Pulldown: 0| Intr:0 [0m
[0;32mI (687) I2C: Scanning I2C bus...[0m
[0;32mI (787) wifi:wifi driver task: 3ffce874, prio:23, stack:6656, core=0[0m
[0;32mI (787) wifi:wifi firmware version: 79fa3f41ba[0m
[0;32mI (787) wifi:wifi certification version: v7.0[0m
[0;32mI (787) wifi:config NVS flash: enabled[0m
[0;32mI (787) wifi:config nano formatting: disabled[0m
[0;32mI (797) wifi:Init data frame dynamic rx buffer num: 32[0m
[0;32mI (797) wifi:Init static rx mgmt buffer num: 5[0m
[0;32mI (807) wifi:Init management short buffer num: 32[0m
[0;32mI (807) wifi:Init dynamic tx buffer num: 32[0m
[0;32mI (807) wifi:Init static rx buffer size: 1600[0m
[0;32mI (817) wifi:Init static rx buffer num: 10[0m
[0;32mI (817) wifi:Init dynamic rx buffer num: 32[0m
[0;32mI (827) wifi_init: rx ba win: 6[0m
[0;32mI (827) wifi_init: accept mbox: 6[0m
[0;32mI (827) wifi_init: tcpip mbox: 32[0m
[0;32mI (827) wifi_init: udp mbox: 6[0m
[0;32mI (837) wifi_init: tcp mbox: 6[0m
[0;32mI (837) wifi_init: tcp tx win: 5760[0m
[0;32mI (837) wifi_init: tcp rx win: 5760[0m
[0;32mI (847) wifi_init: tcp mss: 1440[0m
[0;32mI (847) wifi_init: WiFi IRAM OP enabled[0m
[0;32mI (847) wifi_init: WiFi RX IRAM OP enabled[0m
[0;32mI (857) wifi_prov_scheme_ble: BT memory released[0m
[0;32mI (857) rc522_ID: Starting provisioning[0m
[0;32mI (887) phy_init: phy_version 4860,6b7a6e5,Feb  6 2025,14:47:07[0m
[0;33mW (887) phy_init: failed to load RF calibration data (0x1102), falling back to full calibration[0m
[0;32mI (560) boot: Loaded app from partition at offset 0x10000[0m
[0;32mI (560) boot: Disabling RNG early entropy source...[0m
[0;32mI (571) cpu_start: Multicore app[0m
[0;32mI (579) cpu_start: Pro cpu start user code[0m
[0;32mI (579) cpu_start: cpu freq: 160000000 Hz[0m
[0;32mI (579) app_init: Application information:[0m
[0;32mI (579) app_init: Project name:     attendance_system[0m
[0;32mI (584) app_init: App version:      1[0m
[0;32mI (587) app_init: Compile time:     Sep 24 2025 14:27:29[0m
[0;32mI (592) app_init: ELF file SHA256:  623aaea8c...[0m
[0;32mI (597) app_init: ESP-IDF:          v5.4.1-dirty[0m
[0;32mI (601) efuse_init: Min chip rev:     v0.0[0m
[0;32mI (605) efuse_init: Max chip rev:     v3.99 [0m
